From	SELECT "a0"."Id" AS "Id", "a0"."Age" AS "Age", "a0"."Name" AS "Name", "a0"."IsActive" AS "IsActive" FROM "customers" "a0"	
FromStatic	SELECT "a0"."Id" AS "Id", "a0"."Age" AS "Age", "a0"."Name" AS "Name", "a0"."IsActive" AS "IsActive" FROM "customers" "a0"	
FromSelect	SELECT "a0"."Id" AS "Id", "a0"."Name" AS "Name" FROM "customers" "a0"	
FromSelectSingle	SELECT "a0"."Age" AS "Age" FROM "customers" "a0"	
FromSelectExpression	SELECT ("a0"."Id" * :p0) AS "Calc", ("a0"."Name" || :p1) AS "Label" FROM "customers" "a0"	:p0=long 100; :p1=string " - Customer"
FromWhereInt	SELECT "a0"."Id" AS "Id", "a0"."Age" AS "Age", "a0"."Name" AS "Name", "a0"."IsActive" AS "IsActive" FROM "customers" "a0" WHERE ("a0"."Age" > :p0)	:p0=int 18
FromWhereString	SELECT "a0"."Id" AS "Id", "a0"."Age" AS "Age", "a0"."Name" AS "Name", "a0"."IsActive" AS "IsActive" FROM "customers" "a0" WHERE ("a0"."Name" = :p0)	:p0=string "John"
FromWhereMultiple	SELECT "a0"."Id" AS "Id", "a0"."Age" AS "Age", "a0"."Name" AS "Name", "a0"."IsActive" AS "IsActive" FROM "customers" "a0" WHERE (("a0"."Age" > :p0) AND ("a0"."Name" <> :p1))	:p0=int 18; :p1=string "Admin"
FromWhereOr	SELECT "a0"."Id" AS "Id", "a0"."Age" AS "Age", "a0"."Name" AS "Name", "a0"."IsActive" AS "IsActive" FROM "customers" "a0" WHERE ((("a0"."Age" > :p0) AND ("a0"."Age" < :p1)) OR ("a0"."Name" = :p2))	:p0=int 18; :p1=int 65; :p2=string "VIP"
FromWhereAnd	SELECT "a0"."Id" AS "Id", "a0"."Age" AS "Age", "a0"."Name" AS "Name", "a0"."IsActive" AS "IsActive" FROM "customers" "a0" WHERE (("a0"."Age" > :p0) AND ("a0"."Name" = :p1))	:p0=int 18; :p1=string "John"
FromOrderByAsc	SELECT "a0"."Id" AS "Id", "a0"."Age" AS "Age", "a0"."Name" AS "Name", "a0"."IsActive" AS "IsActive" FROM "customers" "a0" ORDER BY "a0"."Name" ASC NULLS FIRST	
FromOrderByDesc	SELECT "a0"."Id" AS "Id", "a0"."Age" AS "Age", "a0"."Name" AS "Name", "a0"."IsActive" AS "IsActive" FROM "customers" "a0" ORDER BY "a0"."Age" DESC NULLS LAST	
FromWhereSelect	SELECT "a0"."Id" AS "Id", "a0"."Name" AS "Name" FROM "customers" "a0" WHERE ("a0"."Age" >= :p0)	:p0=int 21
FromWhereAndSelect	SELECT "a0"."Id" AS "Id", "a0"."Name" AS "Name" FROM "customers" "a0" WHERE (("a0"."Age" >= :p0) AND ("a0"."Name" <> :p1))	:p0=int 21; :p1=string ""
FromWhereOrderBy	SELECT "a0"."Id" AS "Id", "a0"."Age" AS "Age", "a0"."Name" AS "Name", "a0"."IsActive" AS "IsActive" FROM "customers" "a0" WHERE (("a0"."Age" > :p0) AND ("a0"."Name" <> :p1)) ORDER BY "a0"."Age" ASC NULLS FIRST	:p0=int 21; :p1=string ""
FromSelectOrderBy	SELECT "a0"."Id" AS "Id", "a0"."Name" AS "Name", ("a0"."Age" + :p0) AS "AgePlus" FROM "customers" "a0" ORDER BY "a0"."Name" ASC NULLS FIRST	:p0=int 5
FromWhereSelectOrderBy	SELECT ("a0"."Id" + :p1) AS "IdPlus", ("a0"."Name" || :p2) AS "Loud" FROM "customers" "a0" WHERE ("a0"."Age" > :p0) ORDER BY "a0"."Name" ASC NULLS FIRST	:p0=int 18; :p1=long 1; :p2=string "!"
FromWhereOrderBySelect	SELECT "a0"."Id" AS "Id", "a0"."Name" AS "Name", ("a0"."Age" + :p2) AS "AgePlus" FROM "customers" "a0" WHERE (("a0"."Age" > :p0) AND ("a0"."Name" <> :p1)) ORDER BY "a0"."Age" ASC NULLS FIRST	:p0=int 21; :p1=string ""; :p2=int 10
FromWhereOrderBySelectNamed	SELECT "a0"."Id" AS "CustomerId", ("a0"."Name" || :p2) AS "CustomerInfo", ("a0"."Age" + :p3) AS "AdjustedAge" FROM "customers" "a0" WHERE (("a0"."Age" >= :p0) AND ("a0"."Name" <> :p1)) ORDER BY "a0"."Name" ASC NULLS FIRST	:p0=int 21; :p1=string ""; :p2=string " (Customer)"; :p3=int 5
FromWhereSelectNamed	SELECT "a0"."Id" AS "OriginalId", ("a0"."Id" * :p1) AS "ModifiedId", "a0"."Name" AS "CustomerName" FROM "customers" "a0" WHERE ("a0"."Age" > :p0)	:p0=int 18; :p1=long 100
FromProductWhereSelect	SELECT "a0"."Id" AS "Id", "a0"."ProductName" AS "ProductName" FROM "products" "a0" WHERE ("a0"."ProductName" <> :p0)	:p0=string "Discontinued"
FromWhereSelectParameterized	SELECT "a0"."Id" AS "Id", "a0"."Name" AS "Name" FROM "customers" "a0" WHERE (("a0"."Age" >= :minAge) AND ("a0"."Age" <= :maxAge))	:minAge=null; :maxAge=null
FromWhereFusionTwo	SELECT "a0"."Id" AS "Id", "a0"."Age" AS "Age", "a0"."Name" AS "Name", "a0"."IsActive" AS "IsActive" FROM "customers" "a0" WHERE ("a0"."Age" > :p0) AND ("a0"."Name" <> :p1)	:p0=int 18; :p1=string "Admin"
FromWhereFusionThree	SELECT "a0"."Id" AS "Id", "a0"."Age" AS "Age", "a0"."Name" AS "Name", "a0"."IsActive" AS "IsActive" FROM "customers" "a0" WHERE ("a0"."Age" > :p0) AND ("a0"."Name" <> :p1) AND ("a0"."Age" < :p2)	:p0=int 18; :p1=string "Admin"; :p2=int 65
FromWhereFusionWithSelect	SELECT "a0"."Id" AS "Id", "a0"."Name" AS "Name" FROM "customers" "a0" WHERE ("a0"."Age" >= :p0) AND ("a0"."Name" <> :p1)	:p0=int 21; :p1=string ""
FromWhereFusionWithOrderBy	SELECT "a0"."Id" AS "Id", "a0"."Age" AS "Age", "a0"."Name" AS "Name", "a0"."IsActive" AS "IsActive" FROM "customers" "a0" WHERE ("a0"."Age" > :p0) AND ("a0"."Name" <> :p1) ORDER BY "a0"."Name" ASC NULLS FIRST	:p0=int 18; :p1=string "Admin"
FromOrderByThenBy	SELECT "a0"."Id" AS "Id", "a0"."Age" AS "Age", "a0"."Name" AS "Name", "a0"."IsActive" AS "IsActive" FROM "customers" "a0" ORDER BY "a0"."Name" ASC NULLS FIRST, "a0"."Age" ASC NULLS FIRST	
FromOrderByThenByDescending	SELECT "a0"."Id" AS "Id", "a0"."Age" AS "Age", "a0"."Name" AS "Name", "a0"."IsActive" AS "IsActive" FROM "customers" "a0" ORDER BY "a0"."Name" ASC NULLS FIRST, "a0"."Age" DESC NULLS LAST	
FromOrderByDescendingThenBy	SELECT "a0"."Id" AS "Id", "a0"."Age" AS "Age", "a0"."Name" AS "Name", "a0"."IsActive" AS "IsActive" FROM "customers" "a0" ORDER BY "a0"."Age" DESC NULLS LAST, "a0"."Name" ASC NULLS FIRST	
FromOrderByMultiple	SELECT "a0"."Id" AS "Id", "a0"."Age" AS "Age", "a0"."Name" AS "Name", "a0"."IsActive" AS "IsActive" FROM "customers" "a0" ORDER BY "a0"."Name" ASC NULLS FIRST, "a0"."Age" DESC NULLS LAST, "a0"."Id" ASC NULLS FIRST	
FromWhereOrderByThenBy	SELECT "a0"."Id" AS "Id", "a0"."Age" AS "Age", "a0"."Name" AS "Name", "a0"."IsActive" AS "IsActive" FROM "customers" "a0" WHERE ("a0"."Age" > :p0) ORDER BY "a0"."Name" ASC NULLS FIRST, "a0"."Age" DESC NULLS LAST	:p0=int 18
FromOrderByThenBySelect	SELECT "a0"."Id" AS "Id", "a0"."Name" AS "Name" FROM "customers" "a0" ORDER BY "a0"."Name" ASC NULLS FIRST, "a0"."Age" ASC NULLS FIRST	
FromWhereIsNull	SELECT "a0"."Id" AS "Id", "a0"."Age" AS "Age", "a0"."Name" AS "Name", "a0"."IsActive" AS "IsActive" FROM "customers" "a0" WHERE "a0"."Name" IS NULL	
FromWhereIsNotNull	SELECT "a0"."Id" AS "Id", "a0"."Age" AS "Age", "a0"."Name" AS "Name", "a0"."IsActive" AS "IsActive" FROM "customers" "a0" WHERE "a0"."Name" IS NOT NULL	
FromWhereIsNullInt	SELECT "a0"."Id" AS "Id", "a0"."Age" AS "Age", "a0"."Name" AS "Name", "a0"."IsActive" AS "IsActive" FROM "customers" "a0" WHERE "a0"."Age" IS NULL	
FromWhereIsNotNullInt	SELECT "a0"."Id" AS "Id", "a0"."Age" AS "Age", "a0"."Name" AS "Name", "a0"."IsActive" AS "IsActive" FROM "customers" "a0" WHERE "a0"."Age" IS NOT NULL	
FromWhereIsNullCombined	SELECT "a0"."Id" AS "Id", "a0"."Age" AS "Age", "a0"."Name" AS "Name", "a0"."IsActive" AS "IsActive" FROM "customers" "a0" WHERE ("a0"."Name" IS NULL AND "a0"."Age" IS NOT NULL)	
FromWhereAgeGreaterThanSum	SELECT "a0"."Id" AS "Id", "a0"."Age" AS "Age", "a0"."Name" AS "Name", "a0"."IsActive" AS "IsActive" FROM "customers" "a0" WHERE ("a0"."Age" > (SELECT SUM("a1"."Age") FROM "customers" "a1"))	
SumAges	SELECT SUM("a0"."Age") FROM "customers" "a0"	
CountCustomers	SELECT COUNT(*) FROM "customers" "a0"	
CountActiveCustomers	SELECT COUNT(*) FROM "customers" "a0" WHERE ("a0"."Age" >= :p0)	:p0=int 18
SumPrices	SELECT SUM("a0"."Price") FROM "products" "a0"	
AvgPrices	SELECT AVG("a0"."Price") FROM "products" "a0"	
MinPrice	SELECT MIN("a0"."Price") FROM "products" "a0"	
MaxPrice	SELECT MAX("a0"."Price") FROM "products" "a0"	
SumExpensivePrices	SELECT SUM("a0"."Price") FROM "products" "a0" WHERE ("a0"."Price" > :p0)	:p0=decimal 100.0
AvgExpensivePrices	SELECT AVG("a0"."Price") FROM "products" "a0" WHERE ("a0"."Price" > :p0)	:p0=decimal 100.0
FromWhereAgeGreaterThanAverageAge	SELECT "a0"."Id" AS "Id", "a0"."Age" AS "Age", "a0"."Name" AS "Name", "a0"."IsActive" AS "IsActive" FROM "customers" "a0" WHERE ("a0"."Age" > (SELECT SUM("a1"."Age") FROM "customers" "a1"))	
FromWhereAgeIn	SELECT "a0"."Id" AS "Id", "a0"."Age" AS "Age", "a0"."Name" AS "Name", "a0"."IsActive" AS "IsActive" FROM "customers" "a0" WHERE "a0"."Age" IN (:p0, :p1, :p2, :p3)	:p0=int 18; :p1=int 21; :p2=int 25; :p3=int 30
FromWhereAgeInSubquery	SELECT "a0"."Id" AS "Id", "a0"."Age" AS "Age", "a0"."Name" AS "Name", "a0"."IsActive" AS "IsActive" FROM "customers" "a0" WHERE "a0"."Age" IN (SELECT "a1"."Age" AS "Age" FROM "customers" "a1" WHERE ("a1"."Name" = :p0))	:p0=string "VIP"
FromWhereAgeInSubqueryWithClosure	SELECT "a0"."Id" AS "Id", "a0"."Age" AS "Age", "a0"."Name" AS "Name", "a0"."IsActive" AS "IsActive" FROM "customers" "a0" WHERE "a0"."Age" IN (SELECT "a1"."Age" AS "Age" FROM "customers" "a1" WHERE ("a1"."Name" = ("a0"."Name" || :p0)))	:p0=string "_VIP"
FromWhereCorrelatedInSubquery	SELECT "a0"."Id" AS "Id", "a0"."Age" AS "Age", "a0"."Name" AS "Name", "a0"."IsActive" AS "IsActive" FROM "customers" "a0" WHERE "a0"."Id" IN (SELECT "a1"."CustomerId" AS "CustomerId" FROM "orders" "a1" WHERE ("a1"."CustomerId" = "a0"."Id"))	
FromWhereCorrelatedScalarSubquery	SELECT "a0"."Id" AS "Id", "a0"."Age" AS "Age", "a0"."Name" AS "Name", "a0"."IsActive" AS "IsActive" FROM "customers" "a0" WHERE (:p0 < (SELECT COUNT(*) FROM "orders" "a1" WHERE ("a1"."CustomerId" = "a0"."Id")))	:p0=int 0
FromWhereInEmptyList	SELECT "a0"."Id" AS "Id", "a0"."Age" AS "Age", "a0"."Name" AS "Name", "a0"."IsActive" AS "IsActive" FROM "customers" "a0" WHERE (1 = 0)	
FromSelectNegativeDivision	SELECT "a0"."Id" AS "Id", (("a0"."Age" - :p0) / :p1) AS "H" FROM "customers" "a0" ORDER BY "a0"."Id" ASC NULLS FIRST	:p0=int 65; :p1=int 2
DateTimeAddMonthsClamp	SELECT (:p1 + INTERVAL '1 month') AS "Clamped" FROM "products" "a0" WHERE ("a0"."Id" = :p0)	:p0=long 1; :p1=dateTime "2020-01-31 00:00:00"
UnionThenIntersect	SELECT "a2"."Id" AS "Id" FROM (SELECT "a0"."Id" AS "Id" FROM "customers" "a0" WHERE ("a0"."Id" = :p0) UNION SELECT "a1"."Id" AS "Id" FROM "customers" "a1" WHERE ("a1"."Id" = :p1)) "a2" INTERSECT SELECT "a3"."Id" AS "Id" FROM "customers" "a3" WHERE ("a3"."Id" = :p2)	:p0=long 3; :p1=long 1; :p2=long 1
ExceptNested	SELECT "a0"."Id" AS "Id" FROM "customers" "a0" EXCEPT SELECT "a3"."Id" AS "Id" FROM (SELECT "a1"."Id" AS "Id" FROM "customers" "a1" WHERE ("a1"."Id" = :p0) EXCEPT SELECT "a2"."Id" AS "Id" FROM "customers" "a2" WHERE ("a2"."Id" = :p1)) "a3"	:p0=long 1; :p1=long 1
UnionWithLimitOperand	SELECT "a1"."Id" AS "Id" FROM (SELECT "a0"."Id" AS "Id" FROM "customers" "a0" ORDER BY "a0"."Id" ASC NULLS FIRST LIMIT 1) "a1" UNION SELECT "a2"."Id" AS "Id" FROM "customers" "a2" WHERE ("a2"."Id" = :p0)	:p0=long 3
FromOrderByGroupBySelect	SELECT "a0"."Age" AS "Age", COUNT(*) AS "N" FROM "customers" "a0" GROUP BY "a0"."Age"	
FromWhereBoolColumnAnd	SELECT "a0"."Id" AS "Id", "a0"."Name" AS "Name" FROM "customers" "a0" WHERE ("a0"."IsActive" AND ("a0"."Age" >= :p0))	:p0=int 18
LeftJoinOrderByNullableKey	SELECT "a0"."Name" AS "Name", "a1"."Amount" AS "Amount" FROM "customers" "a0" LEFT JOIN "orders" "a1" ON ("a0"."Id" = "a1"."CustomerId") ORDER BY "a1"."Amount" ASC NULLS FIRST, "a0"."Name" ASC NULLS FIRST	
FromSubquery	SELECT "a0"."Id" AS "Id", ("a0"."Age" + :p0) AS "NewAge" FROM "customers" "a0"	:p0=int 1
FromWhereSelectWhereFromNested	SELECT "a0"."Id" AS "Id", "a0"."Name" AS "Name" FROM "customers" "a0" WHERE ("a0"."Age" > :p0) AND ("a0"."Id" > :p1)	:p0=int 18; :p1=long 100
FromWhereSelectWhereNested	SELECT "a0"."Id" AS "Id", "a0"."Name" AS "Name" FROM "customers" "a0" WHERE ("a0"."Age" > :p0) AND ("a0"."Id" > :p1)	:p0=int 18; :p1=long 100
FromGroupBySelect	SELECT "a0"."Age" AS "Age", COUNT(*) AS "Count" FROM "customers" "a0" GROUP BY "a0"."Age"	
FromGroupByMultipleSelect	SELECT "a0"."Age" AS "Age", "a0"."Name" AS "Name", COUNT(*) AS "Count" FROM "customers" "a0" GROUP BY "a0"."Age", "a0"."Name"	
FromGroupByHavingSelect	SELECT "a0"."Age" AS "Age", COUNT(*) AS "Count" FROM "customers" "a0" GROUP BY "a0"."Age" HAVING (COUNT(*) > :p0)	:p0=int 1
FromWhereGroupBySelect	SELECT "a0"."Age" AS "Age", COUNT(*) AS "Count" FROM "customers" "a0" WHERE ("a0"."Age" >= :p0) GROUP BY "a0"."Age"	:p0=int 18
InnerJoinBasic	SELECT "a0"."Id" AS "Id", "a0"."Name" AS "Name", "a1"."Id" AS "OrderId", "a1"."Amount" AS "Amount" FROM "customers" "a0" INNER JOIN "orders" "a1" ON ("a0"."Id" = "a1"."CustomerId")	
InnerJoinWithSelect	SELECT "a0"."Name" AS "CustomerName", "a1"."Amount" AS "OrderAmount" FROM "customers" "a0" INNER JOIN "orders" "a1" ON ("a0"."Id" = "a1"."CustomerId")	
InnerJoinWithWhere	SELECT "a0"."Id" AS "Id", "a0"."Name" AS "Name", "a0"."Age" AS "Age", "a1"."Id" AS "OrderId", "a1"."Amount" AS "Amount" FROM "customers" "a0" INNER JOIN "orders" "a1" ON ("a0"."Id" = "a1"."CustomerId") WHERE ("a0"."Age" >= :p0) AND ("a1"."Amount" > :p1)	:p0=int 18; :p1=int 100
InnerJoinWithOrderBy	SELECT "a0"."Id" AS "Id", "a0"."Name" AS "Name", "a1"."Id" AS "OrderId", "a1"."Amount" AS "Amount" FROM "customers" "a0" INNER JOIN "orders" "a1" ON ("a0"."Id" = "a1"."CustomerId") ORDER BY "a0"."Name" ASC NULLS FIRST	
LeftJoinBasic	SELECT "a0"."Id" AS "Id", "a0"."Name" AS "Name", "a1"."Id" AS "OrderId", "a1"."Amount" AS "Amount" FROM "customers" "a0" LEFT JOIN "orders" "a1" ON ("a0"."Id" = "a1"."CustomerId")	
LeftJoinWithSelect	SELECT ("a0"."Name" || :p0) AS "CustomerInfo", "a1"."Amount" AS "OrderAmount" FROM "customers" "a0" LEFT JOIN "orders" "a1" ON ("a0"."Id" = "a1"."CustomerId")	:p0=string " (Customer)"
LeftJoinWithWhere	SELECT "a0"."Id" AS "Id", "a0"."Name" AS "Name", "a0"."Age" AS "Age", "a1"."Id" AS "OrderId", "a1"."Amount" AS "OrderAmount" FROM "customers" "a0" LEFT JOIN "orders" "a1" ON ("a0"."Id" = "a1"."CustomerId") WHERE ("a0"."Age" >= :p0) AND ("a0"."Age" < :p1)	:p0=int 21; :p1=int 65
LeftJoinWithOrderBy	SELECT "a0"."Id" AS "Id", "a0"."Name" AS "Name", "a1"."Id" AS "OrderId", "a1"."Amount" AS "Amount" FROM "customers" "a0" LEFT JOIN "orders" "a1" ON ("a0"."Id" = "a1"."CustomerId") ORDER BY "a0"."Name" ASC NULLS FIRST, "a1"."Amount" DESC NULLS LAST	
InnerJoinWithGroupBy	SELECT "a0"."Id" AS "CustomerId", "a0"."Name" AS "CustomerName", SUM("a1"."Amount") AS "TotalAmount" FROM "customers" "a0" INNER JOIN "orders" "a1" ON ("a0"."Id" = "a1"."CustomerId") GROUP BY "a0"."Id", "a0"."Name"	
LeftJoinWithAggregates	SELECT "a0"."Id" AS "CustomerId", COUNT(*) AS "OrderCount", SUM("a1"."Amount") AS "TotalSpent" FROM "customers" "a0" LEFT JOIN "orders" "a1" ON ("a0"."Id" = "a1"."CustomerId") GROUP BY "a0"."Id"	
MultipleInnerJoinsFusion	SELECT "a0"."Id" AS "Id", "a0"."Name" AS "Name", "a1"."ProductId" AS "OrderProductId", "a2"."ProductName" AS "ProductName" FROM "customers" "a0" INNER JOIN "orders" "a1" ON ("a0"."Id" = "a1"."CustomerId") INNER JOIN "products" "a2" ON ("a1"."ProductId" = "a2"."Id")	
MixedJoinTypesFusion	SELECT "a0"."Id" AS "Id", "a0"."Name" AS "Name", "a1"."ProductId" AS "OrderProductId", "a2"."ProductName" AS "ProductName" FROM "customers" "a0" INNER JOIN "orders" "a1" ON ("a0"."Id" = "a1"."CustomerId") LEFT JOIN "products" "a2" ON ("a1"."ProductId" = "a2"."Id")	
JoinFusionWithWhere	SELECT "a0"."Id" AS "Id", "a0"."Name" AS "Name", "a1"."Amount" AS "Amount", "a2"."ProductName" AS "ProductName" FROM "customers" "a0" INNER JOIN "orders" "a1" ON ("a0"."Id" = "a1"."CustomerId") INNER JOIN "products" "a2" ON ("a1"."ProductId" = "a2"."Id") WHERE ("a0"."Age" >= :p0) AND ("a1"."Amount" > :p1)	:p0=int 18; :p1=int 100
FromGroupByOrderBySelect	SELECT "a0"."CustomerId" AS "CustomerId", SUM("a0"."Amount") AS "TotalAmount" FROM "orders" "a0" GROUP BY "a0"."CustomerId" ORDER BY SUM("a0"."Amount") DESC NULLS LAST	
FromGroupByOrderByMultipleSelect	SELECT "a0"."CustomerId" AS "CustomerId", SUM("a0"."Amount") AS "TotalAmount", COUNT(*) AS "OrderCount" FROM "orders" "a0" GROUP BY "a0"."CustomerId" ORDER BY SUM("a0"."Amount") DESC NULLS LAST, COUNT(*) ASC NULLS FIRST	
FromGroupByOrderByThreeKeysSelect	SELECT "a0"."CustomerId" AS "CustomerId", SUM("a0"."Amount") AS "TotalAmount", COUNT(*) AS "OrderCount" FROM "orders" "a0" GROUP BY "a0"."CustomerId" ORDER BY SUM("a0"."Amount") DESC NULLS LAST, COUNT(*) ASC NULLS FIRST, "a0"."CustomerId" ASC NULLS FIRST	
FromGroupByMultipleOrderBySelect	SELECT "a0"."Age" AS "Age", "a0"."Name" AS "Name", COUNT(*) AS "Count" FROM "customers" "a0" GROUP BY "a0"."Age", "a0"."Name" ORDER BY COUNT(*) DESC NULLS LAST	
FromGroupByHavingOrderBySelect	SELECT "a0"."CustomerId" AS "CustomerId", SUM("a0"."Amount") AS "TotalAmount" FROM "orders" "a0" GROUP BY "a0"."CustomerId" HAVING (COUNT(*) > :p0) ORDER BY SUM("a0"."Amount") DESC NULLS LAST	:p0=int 1
ComplexJoinWhereGroupByHavingOrderBySelect	SELECT "a0"."Id" AS "CustomerId", "a0"."Name" AS "CustomerName", COUNT(*) AS "TotalOrders", SUM("a1"."Amount") AS "TotalSpent", (SUM("a1"."Amount") / COUNT(*)) AS "AvgOrderValue" FROM "customers" "a0" INNER JOIN "orders" "a1" ON ("a0"."Id" = "a1"."CustomerId") WHERE (("a0"."Age" >= :p0) AND ("a1"."Amount" > :p1)) GROUP BY "a0"."Id", "a0"."Name" HAVING ((COUNT(*) > :p2) AND (SUM("a1"."Amount") > :p3)) ORDER BY SUM("a1"."Amount") DESC NULLS LAST, COUNT(*) ASC NULLS FIRST	:p0=int 18; :p1=int 50; :p2=int 2; :p3=int 500
ComplexLeftJoinWhereGroupByOrderBySelect	SELECT "a0"."Id" AS "CustomerId", "a0"."Name" AS "CustomerName", COUNT(*) AS "OrderCount", SUM("a1"."Amount") AS "TotalSpent" FROM "customers" "a0" LEFT JOIN "orders" "a1" ON ("a0"."Id" = "a1"."CustomerId") WHERE ("a0"."Age" >= :p0) GROUP BY "a0"."Id", "a0"."Name" ORDER BY SUM("a1"."Amount") DESC NULLS LAST, "a0"."Name" ASC NULLS FIRST	:p0=int 21
FromGroupByMinMaxSelect	SELECT "a0"."CustomerId" AS "CustomerId", MIN("a0"."Amount") AS "MinAmount", MAX("a0"."Amount") AS "MaxAmount", COUNT(*) AS "OrderCount" FROM "orders" "a0" GROUP BY "a0"."CustomerId"	
FromGroupByAvgSelect	SELECT "a0"."CustomerId" AS "CustomerId", AVG("a0"."Amount") AS "AvgAmount", COUNT(*) AS "OrderCount" FROM "orders" "a0" GROUP BY "a0"."CustomerId"	
FromGroupByDecimalAggregatesSelect	SELECT "a0"."ProductName" AS "ProductName", SUM("a0"."Price") AS "TotalPrice", AVG("a0"."Price") AS "AvgPrice", MIN("a0"."Price") AS "MinPrice", MAX("a0"."Price") AS "MaxPrice", COUNT(*) AS "ProductCount" FROM "products" "a0" GROUP BY "a0"."ProductName"	
FromGroupByDecimalSumSelect	SELECT "a0"."ProductName" AS "ProductName", SUM("a0"."Price") AS "TotalPrice" FROM "products" "a0" GROUP BY "a0"."ProductName"	
FromGroupByDecimalAvgSelect	SELECT "a0"."ProductName" AS "ProductName", AVG("a0"."Price") AS "AvgPrice" FROM "products" "a0" GROUP BY "a0"."ProductName"	
FromSelectSum	SELECT SUM("a0"."Amount") FROM "orders" "a0"	
FromSelectAvg	SELECT AVG("a0"."Amount") FROM "orders" "a0"	
FromSelectMin	SELECT MIN("a0"."Amount") FROM "orders" "a0"	
FromSelectMax	SELECT MAX("a0"."Amount") FROM "orders" "a0"	
ParameterAsIntParam	SELECT "a0"."Id" AS "Id", "a0"."Name" AS "Name" FROM "customers" "a0" WHERE ("a0"."Age" > :minAge)	:minAge=null
ParameterAsStringParam	SELECT "a0"."Id" AS "Id", "a0"."Age" AS "Age" FROM "customers" "a0" WHERE ("a0"."Name" = :customerName)	:customerName=null
ParameterAsBoolParam	SELECT "a0"."Id" AS "Id", "a0"."Name" AS "Name", "a0"."Age" AS "Age" FROM "customers" "a0" WHERE (("a0"."Age" > :p0) = :isAdult)	:p0=int 18; :isAdult=null
BoolColumnDirectComparison	SELECT "a0"."Id" AS "Id", "a0"."Name" AS "Name", "a0"."Age" AS "Age", "a0"."IsActive" AS "IsActive" FROM "customers" "a0" WHERE ("a0"."IsActive" = :isActive)	:isActive=null
BoolColumnLiteralTrue	SELECT "a0"."Id" AS "Id", "a0"."Name" AS "Name", "a0"."Age" AS "Age", "a0"."IsActive" AS "IsActive" FROM "customers" "a0" WHERE ("a0"."IsActive" = :p0)	:p0=bool true
BoolColumnLiteralFalse	SELECT "a0"."Id" AS "Id", "a0"."Name" AS "Name", "a0"."Age" AS "Age", "a0"."IsActive" AS "IsActive" FROM "customers" "a0" WHERE ("a0"."IsActive" = :p0)	:p0=bool false
CaseStringExpression	SELECT "a0"."Id" AS "Id", CASE WHEN ("a0"."Age" > :p0) THEN :p1 ELSE :p2 END AS "AgeGroup" FROM "customers" "a0"	:p0=int 18; :p1=string "Adult"; :p2=string "Minor"
CaseIntExpression	SELECT "a0"."Id" AS "Id", CASE WHEN ("a0"."Age" > :p0) THEN :p1 ELSE :p2 END AS "IsSenior" FROM "customers" "a0"	:p0=int 65; :p1=int 1; :p2=int 0
CaseBoolExpression	SELECT "a0"."Id" AS "Id", CASE WHEN ("a0"."Age" > :p0) THEN "a0"."IsActive" ELSE :p1 END AS "ActiveAdult" FROM "customers" "a0"	:p0=int 18; :p1=bool false
CaseInWhere	SELECT "a0"."Id" AS "Id", "a0"."Name" AS "Name" FROM "customers" "a0" WHERE (CASE WHEN ("a0"."Age" > :p0) THEN :p1 ELSE :p2 END = :p3)	:p0=int 18; :p1=string "Adult"; :p2=string "Minor"; :p3=string "Adult"
LikeWildcard	SELECT "a0"."Id" AS "Id", "a0"."Name" AS "Name" FROM "customers" "a0" WHERE "a0"."Name" LIKE :p0	:p0=string "Jo%"
LikeSingleChar	SELECT "a0"."Id" AS "Id", "a0"."Name" AS "Name" FROM "customers" "a0" WHERE "a0"."Name" LIKE :p0	:p0=string "J_n"
LikeBothWildcards	SELECT "a0"."Id" AS "Id", "a0"."Name" AS "Name" FROM "customers" "a0" WHERE "a0"."Name" LIKE :p0	:p0=string "%o_n%"
LikeExact	SELECT "a0"."Id" AS "Id", "a0"."Name" AS "Name" FROM "customers" "a0" WHERE "a0"."Name" LIKE :p0	:p0=string "John"
AbsColumn	SELECT "a0"."Id" AS "Id", ABS("a0"."Age") AS "AbsAge" FROM "customers" "a0"	
AbsInWhere	SELECT "a0"."Id" AS "Id", "a0"."Name" AS "Name", "a0"."Age" AS "Age" FROM "customers" "a0" WHERE (ABS("a0"."Age") > :p0)	:p0=int 30
AbsExpression	SELECT "a0"."Id" AS "Id", ABS(("a0"."Age" - :p0)) AS "AbsDiff" FROM "customers" "a0"	:p0=int 50
AbsParameter	SELECT "a0"."Id" AS "Id", "a0"."Name" AS "Name", "a0"."Age" AS "Age" FROM "customers" "a0" WHERE (ABS("a0"."Age") > ABS(:minAge))	:minAge=null
FromWhereDecimalComparison	SELECT "a0"."Id" AS "Id", "a0"."ProductName" AS "ProductName", "a0"."Price" AS "Price", "a0"."CreatedDate" AS "CreatedDate", "a0"."UniqueId" AS "UniqueId" FROM "products" "a0" WHERE ("a0"."Price" > :p0)	:p0=decimal 100.50
FromSelectDecimalArithmetic	SELECT "a0"."ProductName" AS "ProductName", ("a0"."Price" * :p0) AS "Marked", ("a0"."Price" + :p1) AS "Plus", ("a0"."Price" - :p2) AS "Minus" FROM "products" "a0"	:p0=decimal 1.1; :p1=decimal 10.0; :p2=decimal 5.0
FromWhereDecimalIsNull	SELECT "a0"."Id" AS "Id", "a0"."ProductName" AS "ProductName", "a0"."Price" AS "Price", "a0"."CreatedDate" AS "CreatedDate", "a0"."UniqueId" AS "UniqueId" FROM "products" "a0" WHERE "a0"."Price" IS NULL	
FromWhereDecimalIsNotNull	SELECT "a0"."Id" AS "Id", "a0"."ProductName" AS "ProductName", "a0"."Price" AS "Price", "a0"."CreatedDate" AS "CreatedDate", "a0"."UniqueId" AS "UniqueId" FROM "products" "a0" WHERE "a0"."Price" IS NOT NULL	
CaseDecimalExpression	SELECT "a0"."ProductName" AS "ProductName", CASE WHEN ("a0"."Price" > :p0) THEN :p1 ELSE CASE WHEN ("a0"."Price" > :p2) THEN :p3 ELSE :p4 END END AS "ExpensiveFlag" FROM "products" "a0"	:p0=decimal 1000.0; :p1=string "Expensive"; :p2=decimal 100.0; :p3=string "Moderate"; :p4=string "Cheap"
ParameterAsDecimalParam	SELECT "a0"."Id" AS "Id", "a0"."ProductName" AS "ProductName", "a0"."Price" AS "Price", "a0"."CreatedDate" AS "CreatedDate", "a0"."UniqueId" AS "UniqueId" FROM "products" "a0" WHERE ("a0"."Price" > :minPrice)	:minPrice=null
FromWhereCreatedDateComparison	SELECT "a0"."Id" AS "Id", "a0"."ProductName" AS "ProductName", "a0"."Price" AS "Price", "a0"."CreatedDate" AS "CreatedDate", "a0"."UniqueId" AS "UniqueId" FROM "products" "a0" WHERE ("a0"."CreatedDate" > :p0)	:p0=dateTime "2024-01-01 00:00:00"
FromWhereCreatedDateIsNull	SELECT "a0"."Id" AS "Id", "a0"."ProductName" AS "ProductName", "a0"."Price" AS "Price", "a0"."CreatedDate" AS "CreatedDate", "a0"."UniqueId" AS "UniqueId" FROM "products" "a0" WHERE "a0"."CreatedDate" IS NULL	
FromWhereCreatedDateIsNotNull	SELECT "a0"."Id" AS "Id", "a0"."ProductName" AS "ProductName", "a0"."Price" AS "Price", "a0"."CreatedDate" AS "CreatedDate", "a0"."UniqueId" AS "UniqueId" FROM "products" "a0" WHERE "a0"."CreatedDate" IS NOT NULL	
FromSelectCreatedDateMinMax	SELECT "a0"."ProductName" AS "ProductName", "a0"."CreatedDate" AS "EarliestDate", "a0"."CreatedDate" AS "LatestDate" FROM "products" "a0"	
CaseDateTimeExpression	SELECT "a0"."ProductName" AS "ProductName", CASE WHEN ("a0"."CreatedDate" < :p0) THEN :p1 ELSE CASE WHEN ("a0"."CreatedDate" < :p2) THEN :p3 ELSE :p4 END END AS "Age" FROM "products" "a0"	:p0=dateTime "2020-01-01 00:00:00"; :p1=string "Old"; :p2=dateTime "2024-01-01 00:00:00"; :p3=string "Recent"; :p4=string "New"
ParameterAsDateTimeParam	SELECT "a0"."Id" AS "Id", "a0"."ProductName" AS "ProductName", "a0"."Price" AS "Price", "a0"."CreatedDate" AS "CreatedDate", "a0"."UniqueId" AS "UniqueId" FROM "products" "a0" WHERE ("a0"."CreatedDate" > :startDate)	:startDate=null
FromWhereUniqueIdEquals	SELECT "a0"."Id" AS "Id", "a0"."ProductName" AS "ProductName", "a0"."Price" AS "Price", "a0"."CreatedDate" AS "CreatedDate", "a0"."UniqueId" AS "UniqueId" FROM "products" "a0" WHERE ("a0"."UniqueId" = :p0)	:p0=guid "12345678-1234-1234-1234-123456789012"
FromWhereUniqueIdNotEquals	SELECT "a0"."Id" AS "Id", "a0"."ProductName" AS "ProductName", "a0"."Price" AS "Price", "a0"."CreatedDate" AS "CreatedDate", "a0"."UniqueId" AS "UniqueId" FROM "products" "a0" WHERE ("a0"."UniqueId" <> :p0)	:p0=guid "00000000-0000-0000-0000-000000000000"
FromWhereUniqueIdIsNull	SELECT "a0"."Id" AS "Id", "a0"."ProductName" AS "ProductName", "a0"."Price" AS "Price", "a0"."CreatedDate" AS "CreatedDate", "a0"."UniqueId" AS "UniqueId" FROM "products" "a0" WHERE "a0"."UniqueId" IS NULL	
FromWhereUniqueIdIsNotNull	SELECT "a0"."Id" AS "Id", "a0"."ProductName" AS "ProductName", "a0"."Price" AS "Price", "a0"."CreatedDate" AS "CreatedDate", "a0"."UniqueId" AS "UniqueId" FROM "products" "a0" WHERE "a0"."UniqueId" IS NOT NULL	
CaseGuidExpression	SELECT "a0"."ProductName" AS "ProductName", CASE WHEN ("a0"."UniqueId" = :p0) THEN :p1 ELSE :p2 END AS "Status" FROM "products" "a0"	:p0=guid "00000000-0000-0000-0000-000000000000"; :p1=string "Empty"; :p2=string "HasId"
ParameterAsGuidParam	SELECT "a0"."Id" AS "Id", "a0"."ProductName" AS "ProductName", "a0"."Price" AS "Price", "a0"."CreatedDate" AS "CreatedDate", "a0"."UniqueId" AS "UniqueId" FROM "products" "a0" WHERE ("a0"."UniqueId" = :targetId)	:targetId=null
StringSubstring	SELECT SUBSTRING("a0"."ProductName", :p0, :p1) AS "Sub" FROM "products" "a0"	:p0=int 1; :p1=int 5
StringUpper	SELECT UPPER("a0"."ProductName") AS "Upper" FROM "products" "a0"	
StringLower	SELECT LOWER("a0"."ProductName") AS "Lower" FROM "products" "a0"	
StringTrim	SELECT TRIM("a0"."ProductName") AS "Trimmed" FROM "products" "a0"	
StringLength	SELECT LENGTH("a0"."ProductName") AS "Len" FROM "products" "a0"	
StringFunctionsInWhere	SELECT "a0"."Id" AS "Id", "a0"."Name" AS "Name" FROM "customers" "a0" WHERE ((UPPER("a0"."Name") = :p0) AND (LENGTH("a0"."Name") > :p1))	:p0=string "JOHN"; :p1=int 3
StringFunctionsInSelect	SELECT "a0"."Id" AS "Id", UPPER("a0"."Name") AS "UpperName", LOWER("a0"."Name") AS "LowerName", TRIM("a0"."Name") AS "TrimmedName", LENGTH("a0"."Name") AS "NameLength", SUBSTRING("a0"."Name", :p0, :p1) AS "FirstThree" FROM "customers" "a0"	:p0=int 1; :p1=int 3
DateTimeNow	SELECT NOW() AS "Now" FROM "products" "a0"	
DateTimeYear	SELECT EXTRACT(YEAR FROM "a0"."CreatedDate") AS "Year" FROM "products" "a0"	
DateTimeMonth	SELECT EXTRACT(MONTH FROM "a0"."CreatedDate") AS "Month" FROM "products" "a0"	
DateTimeDay	SELECT EXTRACT(DAY FROM "a0"."CreatedDate") AS "Day" FROM "products" "a0"	
DateTimeAddDays	SELECT ("a0"."CreatedDate" + INTERVAL '30 day') AS "Plus30" FROM "products" "a0"	
DateTimeAddMonths	SELECT ("a0"."CreatedDate" + INTERVAL '6 month') AS "Plus6M" FROM "products" "a0"	
DateTimeAddYears	SELECT ("a0"."CreatedDate" + INTERVAL '1 year') AS "Plus1Y" FROM "products" "a0"	
DateTimeDiffDays	SELECT EXTRACT(DAY FROM (:p0 - "a0"."CreatedDate")) AS "Diff" FROM "products" "a0"	:p0=dateTime "2025-01-01 00:00:00"
DateTimeDiffMonths	SELECT (EXTRACT(YEAR FROM :p0) - EXTRACT(YEAR FROM "a0"."CreatedDate")) * 12 + (EXTRACT(MONTH FROM :p0) - EXTRACT(MONTH FROM "a0"."CreatedDate")) AS "Diff" FROM "products" "a0"	:p0=dateTime "2025-01-01 00:00:00"
DateTimeDiffYears	SELECT (EXTRACT(YEAR FROM :p0) - EXTRACT(YEAR FROM "a0"."CreatedDate")) AS "Diff" FROM "products" "a0"	:p0=dateTime "2025-01-01 00:00:00"
DateTimeFunctionsInWhere	SELECT "a0"."Id" AS "Id", "a0"."CreatedDate" AS "CreatedDate" FROM "products" "a0" WHERE ((EXTRACT(YEAR FROM "a0"."CreatedDate") = :p0) AND (EXTRACT(MONTH FROM "a0"."CreatedDate") > :p1))	:p0=int 2024; :p1=int 6
DateTimeFunctionsInSelect	SELECT "a0"."Id" AS "Id", EXTRACT(YEAR FROM "a0"."CreatedDate") AS "CreatedYear", EXTRACT(MONTH FROM "a0"."CreatedDate") AS "CreatedMonth", EXTRACT(DAY FROM "a0"."CreatedDate") AS "CreatedDay", ("a0"."CreatedDate" + INTERVAL '7 day') AS "NextWeek", ("a0"."CreatedDate" + INTERVAL '1 month') AS "NextMonth", EXTRACT(DAY FROM (NOW() - "a0"."CreatedDate")) AS "DaysAgo" FROM "products" "a0"	
DecimalRound	SELECT ROUND("a0"."Price", :p0) AS "Rounded" FROM "products" "a0"	:p0=int 2
DecimalCeiling	SELECT CEILING("a0"."Price") AS "Ceil" FROM "products" "a0"	
DecimalFloor	SELECT FLOOR("a0"."Price") AS "Floor" FROM "products" "a0"	
MathFunctionsInWhere	SELECT "a0"."Id" AS "Id", "a0"."Price" AS "Price" FROM "products" "a0" WHERE ((ROUND("a0"."Price", :p0) > :p1) AND (CEILING("a0"."Price") < :p2))	:p0=int 0; :p1=decimal 100.0; :p2=decimal 1000.0
MathFunctionsInSelect	SELECT "a0"."Id" AS "Id", "a0"."Price" AS "OriginalPrice", ROUND("a0"."Price", :p0) AS "RoundedPrice", CEILING("a0"."Price") AS "CeilingPrice", FLOOR("a0"."Price") AS "FloorPrice" FROM "products" "a0"	:p0=int 2
FromLimitOffset	SELECT "a0"."Id" AS "Id", "a0"."Age" AS "Age", "a0"."Name" AS "Name", "a0"."IsActive" AS "IsActive" FROM "customers" "a0" ORDER BY "a0"."Id" ASC NULLS FIRST LIMIT 5 OFFSET 10	
FromSelectLimitOffset	SELECT "a0"."Id" AS "Id", "a0"."Name" AS "Name" FROM "customers" "a0" ORDER BY "a0"."Id" ASC NULLS FIRST LIMIT 3 OFFSET 5	
FromWhereLimitOffset	SELECT "a0"."Id" AS "Id", "a0"."Age" AS "Age", "a0"."Name" AS "Name", "a0"."IsActive" AS "IsActive" FROM "customers" "a0" WHERE ("a0"."Age" > :p0) ORDER BY "a0"."Id" ASC NULLS FIRST LIMIT 10	:p0=int 18
FromWhereSelectLimitOffset	SELECT "a0"."Id" AS "Id", "a0"."Name" AS "Name", "a0"."Age" AS "Age" FROM "customers" "a0" WHERE ("a0"."Age" >= :p0) ORDER BY "a0"."Id" ASC NULLS FIRST LIMIT 5 OFFSET 15	:p0=int 21
FromOrderByLimitOffset	SELECT "a0"."Id" AS "Id", "a0"."Age" AS "Age", "a0"."Name" AS "Name", "a0"."IsActive" AS "IsActive" FROM "customers" "a0" ORDER BY "a0"."Name" ASC NULLS FIRST LIMIT 10 OFFSET 5	
FromWhereOrderByLimitOffset	SELECT "a0"."Id" AS "Id", "a0"."Age" AS "Age", "a0"."Name" AS "Name", "a0"."IsActive" AS "IsActive" FROM "customers" "a0" WHERE ("a0"."Age" > :p0) ORDER BY "a0"."Age" DESC NULLS LAST LIMIT 20 OFFSET 10	:p0=int 18
FromWhereOrderBySelectLimitOffset	SELECT "a0"."Id" AS "Id", "a0"."Name" AS "Name", "a0"."Age" AS "Age" FROM "customers" "a0" WHERE ("a0"."Name" <> :p0) ORDER BY "a0"."Name" ASC NULLS FIRST, "a0"."Age" DESC NULLS LAST LIMIT 5	:p0=string ""
FromLimitOffsetOnly	SELECT "a0"."Id" AS "Id", "a0"."Age" AS "Age", "a0"."Name" AS "Name", "a0"."IsActive" AS "IsActive" FROM "customers" "a0" ORDER BY "a0"."Id" ASC NULLS FIRST LIMIT 10	
FromOffsetOnly	SELECT "a0"."Id" AS "Id", "a0"."Age" AS "Age", "a0"."Name" AS "Name", "a0"."IsActive" AS "IsActive" FROM "customers" "a0" ORDER BY "a0"."Id" ASC NULLS FIRST OFFSET 5	
FromLimitOffsetWithoutOrderBy	SELECT "a0"."Id" AS "Id", "a0"."Age" AS "Age", "a0"."Name" AS "Name", "a0"."IsActive" AS "IsActive" FROM "customers" "a0" LIMIT 10	
FromSelectDistinct	SELECT DISTINCT "a0"."Name" AS "Name" FROM "customers" "a0"	
FromSelectDistinctWhere	SELECT DISTINCT "a0"."Name" AS "Name" FROM "customers" "a0" WHERE ("a0"."Age" > :p0)	:p0=int 18
FromSelectDistinctOrderBy	SELECT DISTINCT "a0"."Name" AS "Name" FROM "customers" "a0" ORDER BY "a0"."Name" ASC NULLS FIRST	
FromSelectDistinctMultipleColumns	SELECT DISTINCT "a0"."Name" AS "Name", "a0"."Age" AS "Age" FROM "customers" "a0" ORDER BY "a0"."Name" ASC NULLS FIRST	
FromOrderByLimitDistinct	SELECT "a2"."Name" AS "Name" FROM (SELECT DISTINCT "a1"."Name" AS "Name" FROM (SELECT "a0"."Name" AS "Name" FROM "customers" "a0" ORDER BY "a0"."Name" ASC NULLS FIRST LIMIT 2) "a1") "a2" ORDER BY "a2"."Name" ASC NULLS FIRST	
LimitThenOffset	SELECT "a0"."Id" AS "Id", "a0"."Age" AS "Age", "a0"."Name" AS "Name", "a0"."IsActive" AS "IsActive" FROM "customers" "a0" ORDER BY "a0"."Id" ASC NULLS FIRST LIMIT 3 OFFSET 1	
OffsetThenLimit	SELECT "a0"."Id" AS "Id", "a0"."Age" AS "Age", "a0"."Name" AS "Name", "a0"."IsActive" AS "IsActive" FROM "customers" "a0" ORDER BY "a0"."Id" ASC NULLS FIRST LIMIT 2 OFFSET 1	
LimitThenLimit	SELECT "a1"."Id" AS "Id", "a1"."Age" AS "Age", "a1"."Name" AS "Name", "a1"."IsActive" AS "IsActive" FROM (SELECT "a0"."Id" AS "Id", "a0"."Age" AS "Age", "a0"."Name" AS "Name", "a0"."IsActive" AS "IsActive" FROM "customers" "a0" ORDER BY "a0"."Id" ASC NULLS FIRST LIMIT 3) "a1" LIMIT 2	
Union	SELECT "a0"."Id" AS "Id", "a0"."Name" AS "Name" FROM "customers" "a0" WHERE ("a0"."Age" > :p0) UNION SELECT "a1"."Id" AS "Id", "a1"."Name" AS "Name" FROM "customers" "a1" WHERE ("a1"."Name" = :p1)	:p0=int 30; :p1=string "Alice"
Intersect	SELECT "a0"."Id" AS "Id", "a0"."Name" AS "Name" FROM "customers" "a0" WHERE ("a0"."Age" > :p0) INTERSECT SELECT "a1"."Id" AS "Id", "a1"."Name" AS "Name" FROM "customers" "a1" WHERE ("a1"."Name" = :p1)	:p0=int 25; :p1=string "John"
Except	SELECT "a0"."Id" AS "Id", "a0"."Name" AS "Name" FROM "customers" "a0" EXCEPT SELECT "a1"."Id" AS "Id", "a1"."Name" AS "Name" FROM "customers" "a1" WHERE ("a1"."Age" < :p0)	:p0=int 18
LinqJoin	SELECT "a0"."Name" AS "Name", "a1"."Amount" AS "Amount" FROM "customers" "a0" INNER JOIN "orders" "a1" ON ("a0"."Id" = "a1"."CustomerId")	
LinqLeftJoin	SELECT "a0"."Name" AS "Name", "a1"."Amount" AS "Amount" FROM "customers" "a0" LEFT JOIN "orders" "a1" ON ("a0"."Id" = "a1"."CustomerId")	
LinqOrderBy	SELECT "a0"."Id" AS "Id", "a0"."Name" AS "Name" FROM "customers" "a0" ORDER BY "a0"."Name" ASC NULLS FIRST, "a0"."Age" DESC NULLS LAST	
LinqGroupBy	SELECT "a0"."CustomerId" AS "CustomerId", SUM("a0"."Amount") AS "Total" FROM "orders" "a0" GROUP BY "a0"."CustomerId"	
LinqGroupByHaving	SELECT "a0"."CustomerId" AS "CustomerId", SUM("a0"."Amount") AS "Total" FROM "orders" "a0" GROUP BY "a0"."CustomerId" HAVING (COUNT(*) > :p0)	:p0=int 1
LinqDistinctLimit	SELECT DISTINCT "a0"."Name" AS "Name" FROM "customers" "a0" WHERE ("a0"."Age" > :p0) ORDER BY "a0"."Name" ASC NULLS FIRST LIMIT 2	:p0=int 18
LinqComplex	SELECT "a0"."Id" AS "CustomerId", "a0"."Name" AS "CustomerName", SUM("a1"."Amount") AS "TotalSpent" FROM "customers" "a0" INNER JOIN "orders" "a1" ON ("a0"."Id" = "a1"."CustomerId") WHERE ("a0"."Age" >= :p0) GROUP BY "a0"."Id", "a0"."Name" HAVING (COUNT(*) > :p1) ORDER BY SUM("a1"."Amount") DESC NULLS LAST	:p0=int 18; :p1=int 1
LinqLimitOffset	SELECT "a0"."Id" AS "Id", "a0"."Name" AS "Name" FROM "customers" "a0" ORDER BY "a0"."Id" ASC NULLS FIRST LIMIT 2 OFFSET 1	
CFrom	SELECT "a0"."Id" AS "Id", "a0"."Age" AS "Age", "a0"."Name" AS "Name", "a0"."IsActive" AS "IsActive" FROM "customers" "a0"	
CFromStatic	SELECT "a0"."Id" AS "Id", "a0"."Age" AS "Age", "a0"."Name" AS "Name", "a0"."IsActive" AS "IsActive" FROM "customers" "a0"	
CFromSelect	SELECT "a0"."Id" AS "Id", "a0"."Name" AS "Name" FROM "customers" "a0"	
CFromSelectSingle	SELECT "a0"."Age" AS "Age" FROM "customers" "a0"	
CFromSelectExpression	SELECT ("a0"."Id" * :p0) AS "Calc", ("a0"."Name" || :p1) AS "Label" FROM "customers" "a0"	:p0=long 100; :p1=string " - Customer"
CFromWhereInt	SELECT "a0"."Id" AS "Id", "a0"."Age" AS "Age", "a0"."Name" AS "Name", "a0"."IsActive" AS "IsActive" FROM "customers" "a0" WHERE ("a0"."Age" > :p0)	:p0=int 18
CFromWhereString	SELECT "a0"."Id" AS "Id", "a0"."Age" AS "Age", "a0"."Name" AS "Name", "a0"."IsActive" AS "IsActive" FROM "customers" "a0" WHERE ("a0"."Name" = :p0)	:p0=string "John"
CFromWhereMultiple	SELECT "a0"."Id" AS "Id", "a0"."Age" AS "Age", "a0"."Name" AS "Name", "a0"."IsActive" AS "IsActive" FROM "customers" "a0" WHERE (("a0"."Age" > :p0) AND ("a0"."Name" <> :p1))	:p0=int 18; :p1=string "Admin"
CFromWhereOr	SELECT "a0"."Id" AS "Id", "a0"."Age" AS "Age", "a0"."Name" AS "Name", "a0"."IsActive" AS "IsActive" FROM "customers" "a0" WHERE ((("a0"."Age" > :p0) AND ("a0"."Age" < :p1)) OR ("a0"."Name" = :p2))	:p0=int 18; :p1=int 65; :p2=string "VIP"
CFromWhereAnd	SELECT "a0"."Id" AS "Id", "a0"."Age" AS "Age", "a0"."Name" AS "Name", "a0"."IsActive" AS "IsActive" FROM "customers" "a0" WHERE (("a0"."Age" > :p0) AND ("a0"."Name" = :p1))	:p0=int 18; :p1=string "John"
CFromOrderByAsc	SELECT "a0"."Id" AS "Id", "a0"."Age" AS "Age", "a0"."Name" AS "Name", "a0"."IsActive" AS "IsActive" FROM "customers" "a0" ORDER BY "a0"."Name" ASC NULLS FIRST	
CFromOrderByDesc	SELECT "a0"."Id" AS "Id", "a0"."Age" AS "Age", "a0"."Name" AS "Name", "a0"."IsActive" AS "IsActive" FROM "customers" "a0" ORDER BY "a0"."Age" DESC NULLS LAST	
CFromWhereSelect	SELECT "a0"."Id" AS "Id", "a0"."Name" AS "Name" FROM "customers" "a0" WHERE ("a0"."Age" >= :p0)	:p0=int 21
CFromWhereAndSelect	SELECT "a0"."Id" AS "Id", "a0"."Name" AS "Name" FROM "customers" "a0" WHERE (("a0"."Age" >= :p0) AND ("a0"."Name" <> :p1))	:p0=int 21; :p1=string ""
CFromWhereOrderBy	SELECT "a0"."Id" AS "Id", "a0"."Age" AS "Age", "a0"."Name" AS "Name", "a0"."IsActive" AS "IsActive" FROM "customers" "a0" WHERE (("a0"."Age" > :p0) AND ("a0"."Name" <> :p1)) ORDER BY "a0"."Age" ASC NULLS FIRST	:p0=int 21; :p1=string ""
CFromSelectOrderBy	SELECT "a0"."Id" AS "Id", "a0"."Name" AS "Name", ("a0"."Age" + :p0) AS "AgePlus" FROM "customers" "a0" ORDER BY "a0"."Name" ASC NULLS FIRST	:p0=int 5
CFromWhereSelectOrderBy	SELECT ("a0"."Id" + :p1) AS "IdPlus", ("a0"."Name" || :p2) AS "Loud" FROM "customers" "a0" WHERE ("a0"."Age" > :p0) ORDER BY "a0"."Name" ASC NULLS FIRST	:p0=int 18; :p1=long 1; :p2=string "!"
CFromWhereOrderBySelect	SELECT "a0"."Id" AS "Id", "a0"."Name" AS "Name", ("a0"."Age" + :p2) AS "AgePlus" FROM "customers" "a0" WHERE (("a0"."Age" > :p0) AND ("a0"."Name" <> :p1)) ORDER BY "a0"."Age" ASC NULLS FIRST	:p0=int 21; :p1=string ""; :p2=int 10
CFromWhereOrderBySelectNamed	SELECT "a0"."Id" AS "CustomerId", ("a0"."Name" || :p2) AS "CustomerInfo", ("a0"."Age" + :p3) AS "AdjustedAge" FROM "customers" "a0" WHERE (("a0"."Age" >= :p0) AND ("a0"."Name" <> :p1)) ORDER BY "a0"."Name" ASC NULLS FIRST	:p0=int 21; :p1=string ""; :p2=string " (Customer)"; :p3=int 5
CFromWhereSelectNamed	SELECT "a0"."Id" AS "OriginalId", ("a0"."Id" * :p1) AS "ModifiedId", "a0"."Name" AS "CustomerName" FROM "customers" "a0" WHERE ("a0"."Age" > :p0)	:p0=int 18; :p1=long 100
CFromProductWhereSelect	SELECT "a0"."Id" AS "Id", "a0"."ProductName" AS "ProductName" FROM "products" "a0" WHERE ("a0"."ProductName" <> :p0)	:p0=string "Discontinued"
CFromWhereSelectParameterized	SELECT "a0"."Id" AS "Id", "a0"."Name" AS "Name" FROM "customers" "a0" WHERE (("a0"."Age" >= :minAge) AND ("a0"."Age" <= :maxAge))	:minAge=null; :maxAge=null
CFromWhereFusionTwo	SELECT "a0"."Id" AS "Id", "a0"."Age" AS "Age", "a0"."Name" AS "Name", "a0"."IsActive" AS "IsActive" FROM "customers" "a0" WHERE ("a0"."Age" > :p0) AND ("a0"."Name" <> :p1)	:p0=int 18; :p1=string "Admin"
CFromWhereFusionThree	SELECT "a0"."Id" AS "Id", "a0"."Age" AS "Age", "a0"."Name" AS "Name", "a0"."IsActive" AS "IsActive" FROM "customers" "a0" WHERE ("a0"."Age" > :p0) AND ("a0"."Name" <> :p1) AND ("a0"."Age" < :p2)	:p0=int 18; :p1=string "Admin"; :p2=int 65
CFromWhereFusionWithSelect	SELECT "a0"."Id" AS "Id", "a0"."Name" AS "Name" FROM "customers" "a0" WHERE ("a0"."Age" >= :p0) AND ("a0"."Name" <> :p1)	:p0=int 21; :p1=string ""
CFromWhereFusionWithOrderBy	SELECT "a0"."Id" AS "Id", "a0"."Age" AS "Age", "a0"."Name" AS "Name", "a0"."IsActive" AS "IsActive" FROM "customers" "a0" WHERE ("a0"."Age" > :p0) AND ("a0"."Name" <> :p1) ORDER BY "a0"."Name" ASC NULLS FIRST	:p0=int 18; :p1=string "Admin"
CFromOrderByThenBy	SELECT "a0"."Id" AS "Id", "a0"."Age" AS "Age", "a0"."Name" AS "Name", "a0"."IsActive" AS "IsActive" FROM "customers" "a0" ORDER BY "a0"."Name" ASC NULLS FIRST, "a0"."Age" ASC NULLS FIRST	
CFromOrderByThenByDescending	SELECT "a0"."Id" AS "Id", "a0"."Age" AS "Age", "a0"."Name" AS "Name", "a0"."IsActive" AS "IsActive" FROM "customers" "a0" ORDER BY "a0"."Name" ASC NULLS FIRST, "a0"."Age" DESC NULLS LAST	
CFromOrderByDescendingThenBy	SELECT "a0"."Id" AS "Id", "a0"."Age" AS "Age", "a0"."Name" AS "Name", "a0"."IsActive" AS "IsActive" FROM "customers" "a0" ORDER BY "a0"."Age" DESC NULLS LAST, "a0"."Name" ASC NULLS FIRST	
CFromOrderByMultiple	SELECT "a0"."Id" AS "Id", "a0"."Age" AS "Age", "a0"."Name" AS "Name", "a0"."IsActive" AS "IsActive" FROM "customers" "a0" ORDER BY "a0"."Name" ASC NULLS FIRST, "a0"."Age" DESC NULLS LAST, "a0"."Id" ASC NULLS FIRST	
CFromWhereOrderByThenBy	SELECT "a0"."Id" AS "Id", "a0"."Age" AS "Age", "a0"."Name" AS "Name", "a0"."IsActive" AS "IsActive" FROM "customers" "a0" WHERE ("a0"."Age" > :p0) ORDER BY "a0"."Name" ASC NULLS FIRST, "a0"."Age" DESC NULLS LAST	:p0=int 18
CFromOrderByThenBySelect	SELECT "a0"."Id" AS "Id", "a0"."Name" AS "Name" FROM "customers" "a0" ORDER BY "a0"."Name" ASC NULLS FIRST, "a0"."Age" ASC NULLS FIRST	
CFromWhereIsNull	SELECT "a0"."Id" AS "Id", "a0"."Age" AS "Age", "a0"."Name" AS "Name", "a0"."IsActive" AS "IsActive" FROM "customers" "a0" WHERE "a0"."Name" IS NULL	
CFromWhereIsNotNull	SELECT "a0"."Id" AS "Id", "a0"."Age" AS "Age", "a0"."Name" AS "Name", "a0"."IsActive" AS "IsActive" FROM "customers" "a0" WHERE "a0"."Name" IS NOT NULL	
CFromWhereIsNullInt	SELECT "a0"."Id" AS "Id", "a0"."Age" AS "Age", "a0"."Name" AS "Name", "a0"."IsActive" AS "IsActive" FROM "customers" "a0" WHERE "a0"."Age" IS NULL	
CFromWhereIsNotNullInt	SELECT "a0"."Id" AS "Id", "a0"."Age" AS "Age", "a0"."Name" AS "Name", "a0"."IsActive" AS "IsActive" FROM "customers" "a0" WHERE "a0"."Age" IS NOT NULL	
CFromWhereIsNullCombined	SELECT "a0"."Id" AS "Id", "a0"."Age" AS "Age", "a0"."Name" AS "Name", "a0"."IsActive" AS "IsActive" FROM "customers" "a0" WHERE ("a0"."Name" IS NULL AND "a0"."Age" IS NOT NULL)	
CFromWhereAgeGreaterThanSum	SELECT "a0"."Id" AS "Id", "a0"."Age" AS "Age", "a0"."Name" AS "Name", "a0"."IsActive" AS "IsActive" FROM "customers" "a0" WHERE ("a0"."Age" > (SELECT SUM("a1"."Age") FROM "customers" "a1"))	
CSumAges	SELECT SUM("a0"."Age") FROM "customers" "a0"	
CCountCustomers	SELECT COUNT(*) FROM "customers" "a0"	
CCountActiveCustomers	SELECT COUNT(*) FROM "customers" "a0" WHERE ("a0"."Age" >= :p0)	:p0=int 18
CSumPrices	SELECT SUM("a0"."Price") FROM "products" "a0"	
CAvgPrices	SELECT AVG("a0"."Price") FROM "products" "a0"	
CMinPrice	SELECT MIN("a0"."Price") FROM "products" "a0"	
CMaxPrice	SELECT MAX("a0"."Price") FROM "products" "a0"	
CSumExpensivePrices	SELECT SUM("a0"."Price") FROM "products" "a0" WHERE ("a0"."Price" > :p0)	:p0=decimal 100.0
CAvgExpensivePrices	SELECT AVG("a0"."Price") FROM "products" "a0" WHERE ("a0"."Price" > :p0)	:p0=decimal 100.0
CFromWhereAgeGreaterThanAverageAge	SELECT "a0"."Id" AS "Id", "a0"."Age" AS "Age", "a0"."Name" AS "Name", "a0"."IsActive" AS "IsActive" FROM "customers" "a0" WHERE ("a0"."Age" > (SELECT SUM("a1"."Age") FROM "customers" "a1"))	
CFromWhereAgeIn	SELECT "a0"."Id" AS "Id", "a0"."Age" AS "Age", "a0"."Name" AS "Name", "a0"."IsActive" AS "IsActive" FROM "customers" "a0" WHERE "a0"."Age" IN (:p0, :p1, :p2, :p3)	:p0=int 18; :p1=int 21; :p2=int 25; :p3=int 30
CFromWhereAgeInSubquery	SELECT "a0"."Id" AS "Id", "a0"."Age" AS "Age", "a0"."Name" AS "Name", "a0"."IsActive" AS "IsActive" FROM "customers" "a0" WHERE "a0"."Age" IN (SELECT "a1"."Age" AS "Age" FROM "customers" "a1" WHERE ("a1"."Name" = :p0))	:p0=string "VIP"
CFromWhereAgeInSubqueryWithClosure	SELECT "a0"."Id" AS "Id", "a0"."Age" AS "Age", "a0"."Name" AS "Name", "a0"."IsActive" AS "IsActive" FROM "customers" "a0" WHERE "a0"."Age" IN (SELECT "a1"."Age" AS "Age" FROM "customers" "a1" WHERE ("a1"."Name" = ("a0"."Name" || :p0)))	:p0=string "_VIP"
CFromWhereCorrelatedInSubquery	SELECT "a0"."Id" AS "Id", "a0"."Age" AS "Age", "a0"."Name" AS "Name", "a0"."IsActive" AS "IsActive" FROM "customers" "a0" WHERE "a0"."Id" IN (SELECT "a1"."CustomerId" AS "CustomerId" FROM "orders" "a1" WHERE ("a1"."CustomerId" = "a0"."Id"))	
CFromWhereCorrelatedScalarSubquery	SELECT "a0"."Id" AS "Id", "a0"."Age" AS "Age", "a0"."Name" AS "Name", "a0"."IsActive" AS "IsActive" FROM "customers" "a0" WHERE (:p0 < (SELECT COUNT(*) FROM "orders" "a1" WHERE ("a1"."CustomerId" = "a0"."Id")))	:p0=int 0
CFromWhereInEmptyList	SELECT "a0"."Id" AS "Id", "a0"."Age" AS "Age", "a0"."Name" AS "Name", "a0"."IsActive" AS "IsActive" FROM "customers" "a0" WHERE (1 = 0)	
CFromSelectNegativeDivision	SELECT "a0"."Id" AS "Id", (("a0"."Age" - :p0) / :p1) AS "H" FROM "customers" "a0" ORDER BY "a0"."Id" ASC NULLS FIRST	:p0=int 65; :p1=int 2
CDateTimeAddMonthsClamp	SELECT (:p1 + INTERVAL '1 month') AS "Clamped" FROM "products" "a0" WHERE ("a0"."Id" = :p0)	:p0=long 1; :p1=dateTime "2020-01-31 00:00:00"
CFromWhereBoolColumnAnd	SELECT "a0"."Id" AS "Id", "a0"."Name" AS "Name" FROM "customers" "a0" WHERE ("a0"."IsActive" AND ("a0"."Age" >= :p0))	:p0=int 18
CLeftJoinOrderByNullableKey	SELECT "a0"."Name" AS "Name", "a1"."Amount" AS "Amount" FROM "customers" "a0" LEFT JOIN "orders" "a1" ON ("a0"."Id" = "a1"."CustomerId") ORDER BY "a1"."Amount" ASC NULLS FIRST, "a0"."Name" ASC NULLS FIRST	
CFromSubquery	SELECT "a0"."Id" AS "Id", ("a0"."Age" + :p0) AS "NewAge" FROM "customers" "a0"	:p0=int 1
CFromWhereSelectWhereFromNested	SELECT "a0"."Id" AS "Id", "a0"."Name" AS "Name" FROM "customers" "a0" WHERE ("a0"."Age" > :p0) AND ("a0"."Id" > :p1)	:p0=int 18; :p1=long 100
CFromWhereSelectWhereNested	SELECT "a0"."Id" AS "Id", "a0"."Name" AS "Name" FROM "customers" "a0" WHERE ("a0"."Age" > :p0) AND ("a0"."Id" > :p1)	:p0=int 18; :p1=long 100
CFromGroupBySelect	SELECT "a0"."Age" AS "Age", COUNT(*) AS "Count" FROM "customers" "a0" GROUP BY "a0"."Age"	
CFromGroupByMultipleSelect	SELECT "a0"."Age" AS "Age", "a0"."Name" AS "Name", COUNT(*) AS "Count" FROM "customers" "a0" GROUP BY "a0"."Age", "a0"."Name"	
CFromGroupByHavingSelect	SELECT "a0"."Age" AS "Age", COUNT(*) AS "Count" FROM "customers" "a0" GROUP BY "a0"."Age" HAVING (COUNT(*) > :p0)	:p0=int 1
CFromWhereGroupBySelect	SELECT "a0"."Age" AS "Age", COUNT(*) AS "Count" FROM "customers" "a0" WHERE ("a0"."Age" >= :p0) GROUP BY "a0"."Age"	:p0=int 18
CInnerJoinBasic	SELECT "a0"."Id" AS "Id", "a0"."Name" AS "Name", "a1"."Id" AS "OrderId", "a1"."Amount" AS "Amount" FROM "customers" "a0" INNER JOIN "orders" "a1" ON ("a0"."Id" = "a1"."CustomerId")	
CInnerJoinWithSelect	SELECT "a0"."Name" AS "CustomerName", "a1"."Amount" AS "OrderAmount" FROM "customers" "a0" INNER JOIN "orders" "a1" ON ("a0"."Id" = "a1"."CustomerId")	
CInnerJoinWithWhere	SELECT "a0"."Id" AS "Id", "a0"."Name" AS "Name", "a0"."Age" AS "Age", "a1"."Id" AS "OrderId", "a1"."Amount" AS "Amount" FROM "customers" "a0" INNER JOIN "orders" "a1" ON ("a0"."Id" = "a1"."CustomerId") WHERE ("a0"."Age" >= :p0) AND ("a1"."Amount" > :p1)	:p0=int 18; :p1=int 100
CInnerJoinWithOrderBy	SELECT "a0"."Id" AS "Id", "a0"."Name" AS "Name", "a1"."Id" AS "OrderId", "a1"."Amount" AS "Amount" FROM "customers" "a0" INNER JOIN "orders" "a1" ON ("a0"."Id" = "a1"."CustomerId") ORDER BY "a0"."Name" ASC NULLS FIRST	
CLeftJoinBasic	SELECT "a0"."Id" AS "Id", "a0"."Name" AS "Name", "a1"."Id" AS "OrderId", "a1"."Amount" AS "Amount" FROM "customers" "a0" LEFT JOIN "orders" "a1" ON ("a0"."Id" = "a1"."CustomerId")	
CLeftJoinWithSelect	SELECT ("a0"."Name" || :p0) AS "CustomerInfo", "a1"."Amount" AS "OrderAmount" FROM "customers" "a0" LEFT JOIN "orders" "a1" ON ("a0"."Id" = "a1"."CustomerId")	:p0=string " (Customer)"
CLeftJoinWithWhere	SELECT "a0"."Id" AS "Id", "a0"."Name" AS "Name", "a0"."Age" AS "Age", "a1"."Id" AS "OrderId", "a1"."Amount" AS "OrderAmount" FROM "customers" "a0" LEFT JOIN "orders" "a1" ON ("a0"."Id" = "a1"."CustomerId") WHERE ("a0"."Age" >= :p0) AND ("a0"."Age" < :p1)	:p0=int 21; :p1=int 65
CLeftJoinWithOrderBy	SELECT "a0"."Id" AS "Id", "a0"."Name" AS "Name", "a1"."Id" AS "OrderId", "a1"."Amount" AS "Amount" FROM "customers" "a0" LEFT JOIN "orders" "a1" ON ("a0"."Id" = "a1"."CustomerId") ORDER BY "a0"."Name" ASC NULLS FIRST, "a1"."Amount" DESC NULLS LAST	
CInnerJoinWithGroupBy	SELECT "a0"."Id" AS "CustomerId", "a0"."Name" AS "CustomerName", SUM("a1"."Amount") AS "TotalAmount" FROM "customers" "a0" INNER JOIN "orders" "a1" ON ("a0"."Id" = "a1"."CustomerId") GROUP BY "a0"."Id", "a0"."Name"	
CLeftJoinWithAggregates	SELECT "a0"."Id" AS "CustomerId", COUNT(*) AS "OrderCount", SUM("a1"."Amount") AS "TotalSpent" FROM "customers" "a0" LEFT JOIN "orders" "a1" ON ("a0"."Id" = "a1"."CustomerId") GROUP BY "a0"."Id"	
CMultipleInnerJoinsFusion	SELECT "a0"."Id" AS "Id", "a0"."Name" AS "Name", "a1"."ProductId" AS "OrderProductId", "a2"."ProductName" AS "ProductName" FROM "customers" "a0" INNER JOIN "orders" "a1" ON ("a0"."Id" = "a1"."CustomerId") INNER JOIN "products" "a2" ON ("a1"."ProductId" = "a2"."Id")	
CMixedJoinTypesFusion	SELECT "a0"."Id" AS "Id", "a0"."Name" AS "Name", "a1"."ProductId" AS "OrderProductId", "a2"."ProductName" AS "ProductName" FROM "customers" "a0" INNER JOIN "orders" "a1" ON ("a0"."Id" = "a1"."CustomerId") LEFT JOIN "products" "a2" ON ("a1"."ProductId" = "a2"."Id")	
CJoinFusionWithWhere	SELECT "a0"."Id" AS "Id", "a0"."Name" AS "Name", "a1"."Amount" AS "Amount", "a2"."ProductName" AS "ProductName" FROM "customers" "a0" INNER JOIN "orders" "a1" ON ("a0"."Id" = "a1"."CustomerId") INNER JOIN "products" "a2" ON ("a1"."ProductId" = "a2"."Id") WHERE ("a0"."Age" >= :p0) AND ("a1"."Amount" > :p1)	:p0=int 18; :p1=int 100
CFromGroupByOrderBySelect	SELECT "a0"."CustomerId" AS "CustomerId", SUM("a0"."Amount") AS "TotalAmount" FROM "orders" "a0" GROUP BY "a0"."CustomerId" ORDER BY SUM("a0"."Amount") DESC NULLS LAST	
CFromGroupByOrderByMultipleSelect	SELECT "a0"."CustomerId" AS "CustomerId", SUM("a0"."Amount") AS "TotalAmount", COUNT(*) AS "OrderCount" FROM "orders" "a0" GROUP BY "a0"."CustomerId" ORDER BY SUM("a0"."Amount") DESC NULLS LAST, COUNT(*) ASC NULLS FIRST	
CFromGroupByOrderByThreeKeysSelect	SELECT "a0"."CustomerId" AS "CustomerId", SUM("a0"."Amount") AS "TotalAmount", COUNT(*) AS "OrderCount" FROM "orders" "a0" GROUP BY "a0"."CustomerId" ORDER BY SUM("a0"."Amount") DESC NULLS LAST, COUNT(*) ASC NULLS FIRST, "a0"."CustomerId" ASC NULLS FIRST	
CFromGroupByMultipleOrderBySelect	SELECT "a0"."Age" AS "Age", "a0"."Name" AS "Name", COUNT(*) AS "Count" FROM "customers" "a0" GROUP BY "a0"."Age", "a0"."Name" ORDER BY COUNT(*) DESC NULLS LAST	
CFromGroupByHavingOrderBySelect	SELECT "a0"."CustomerId" AS "CustomerId", SUM("a0"."Amount") AS "TotalAmount" FROM "orders" "a0" GROUP BY "a0"."CustomerId" HAVING (COUNT(*) > :p0) ORDER BY SUM("a0"."Amount") DESC NULLS LAST	:p0=int 1
CComplexJoinWhereGroupByHavingOrderBySelect	SELECT "a0"."Id" AS "CustomerId", "a0"."Name" AS "CustomerName", COUNT(*) AS "TotalOrders", SUM("a1"."Amount") AS "TotalSpent", (SUM("a1"."Amount") / COUNT(*)) AS "AvgOrderValue" FROM "customers" "a0" INNER JOIN "orders" "a1" ON ("a0"."Id" = "a1"."CustomerId") WHERE (("a0"."Age" >= :p0) AND ("a1"."Amount" > :p1)) GROUP BY "a0"."Id", "a0"."Name" HAVING ((COUNT(*) > :p2) AND (SUM("a1"."Amount") > :p3)) ORDER BY SUM("a1"."Amount") DESC NULLS LAST, COUNT(*) ASC NULLS FIRST	:p0=int 18; :p1=int 50; :p2=int 2; :p3=int 500
CComplexLeftJoinWhereGroupByOrderBySelect	SELECT "a0"."Id" AS "CustomerId", "a0"."Name" AS "CustomerName", COUNT(*) AS "OrderCount", SUM("a1"."Amount") AS "TotalSpent" FROM "customers" "a0" LEFT JOIN "orders" "a1" ON ("a0"."Id" = "a1"."CustomerId") WHERE ("a0"."Age" >= :p0) GROUP BY "a0"."Id", "a0"."Name" ORDER BY SUM("a1"."Amount") DESC NULLS LAST, "a0"."Name" ASC NULLS FIRST	:p0=int 21
CFromGroupByMinMaxSelect	SELECT "a0"."CustomerId" AS "CustomerId", MIN("a0"."Amount") AS "MinAmount", MAX("a0"."Amount") AS "MaxAmount", COUNT(*) AS "OrderCount" FROM "orders" "a0" GROUP BY "a0"."CustomerId"	
CFromGroupByAvgSelect	SELECT "a0"."CustomerId" AS "CustomerId", AVG("a0"."Amount") AS "AvgAmount", COUNT(*) AS "OrderCount" FROM "orders" "a0" GROUP BY "a0"."CustomerId"	
CFromGroupByDecimalAggregatesSelect	SELECT "a0"."ProductName" AS "ProductName", SUM("a0"."Price") AS "TotalPrice", AVG("a0"."Price") AS "AvgPrice", MIN("a0"."Price") AS "MinPrice", MAX("a0"."Price") AS "MaxPrice", COUNT(*) AS "ProductCount" FROM "products" "a0" GROUP BY "a0"."ProductName"	
CFromGroupByDecimalSumSelect	SELECT "a0"."ProductName" AS "ProductName", SUM("a0"."Price") AS "TotalPrice" FROM "products" "a0" GROUP BY "a0"."ProductName"	
CFromGroupByDecimalAvgSelect	SELECT "a0"."ProductName" AS "ProductName", AVG("a0"."Price") AS "AvgPrice" FROM "products" "a0" GROUP BY "a0"."ProductName"	
CFromSelectSum	SELECT SUM("a0"."Amount") FROM "orders" "a0"	
CFromSelectAvg	SELECT AVG("a0"."Amount") FROM "orders" "a0"	
CFromSelectMin	SELECT MIN("a0"."Amount") FROM "orders" "a0"	
CFromSelectMax	SELECT MAX("a0"."Amount") FROM "orders" "a0"	
CParameterAsIntParam	SELECT "a0"."Id" AS "Id", "a0"."Name" AS "Name" FROM "customers" "a0" WHERE ("a0"."Age" > :minAge)	:minAge=null
CParameterAsStringParam	SELECT "a0"."Id" AS "Id", "a0"."Age" AS "Age" FROM "customers" "a0" WHERE ("a0"."Name" = :customerName)	:customerName=null
CParameterAsBoolParam	SELECT "a0"."Id" AS "Id", "a0"."Name" AS "Name", "a0"."Age" AS "Age" FROM "customers" "a0" WHERE (("a0"."Age" > :p0) = :isAdult)	:p0=int 18; :isAdult=null
CBoolColumnDirectComparison	SELECT "a0"."Id" AS "Id", "a0"."Name" AS "Name", "a0"."Age" AS "Age", "a0"."IsActive" AS "IsActive" FROM "customers" "a0" WHERE ("a0"."IsActive" = :isActive)	:isActive=null
CBoolColumnLiteralTrue	SELECT "a0"."Id" AS "Id", "a0"."Name" AS "Name", "a0"."Age" AS "Age", "a0"."IsActive" AS "IsActive" FROM "customers" "a0" WHERE ("a0"."IsActive" = :p0)	:p0=bool true
CBoolColumnLiteralFalse	SELECT "a0"."Id" AS "Id", "a0"."Name" AS "Name", "a0"."Age" AS "Age", "a0"."IsActive" AS "IsActive" FROM "customers" "a0" WHERE ("a0"."IsActive" = :p0)	:p0=bool false
CCaseStringExpression	SELECT "a0"."Id" AS "Id", CASE WHEN ("a0"."Age" > :p0) THEN :p1 ELSE :p2 END AS "AgeGroup" FROM "customers" "a0"	:p0=int 18; :p1=string "Adult"; :p2=string "Minor"
CCaseIntExpression	SELECT "a0"."Id" AS "Id", CASE WHEN ("a0"."Age" > :p0) THEN :p1 ELSE :p2 END AS "IsSenior" FROM "customers" "a0"	:p0=int 65; :p1=int 1; :p2=int 0
CCaseBoolExpression	SELECT "a0"."Id" AS "Id", CASE WHEN ("a0"."Age" > :p0) THEN "a0"."IsActive" ELSE :p1 END AS "ActiveAdult" FROM "customers" "a0"	:p0=int 18; :p1=bool false
CCaseInWhere	SELECT "a0"."Id" AS "Id", "a0"."Name" AS "Name" FROM "customers" "a0" WHERE (CASE WHEN ("a0"."Age" > :p0) THEN :p1 ELSE :p2 END = :p3)	:p0=int 18; :p1=string "Adult"; :p2=string "Minor"; :p3=string "Adult"
CLikeWildcard	SELECT "a0"."Id" AS "Id", "a0"."Name" AS "Name" FROM "customers" "a0" WHERE "a0"."Name" LIKE :p0	:p0=string "Jo%"
CLikeSingleChar	SELECT "a0"."Id" AS "Id", "a0"."Name" AS "Name" FROM "customers" "a0" WHERE "a0"."Name" LIKE :p0	:p0=string "J_n"
CLikeBothWildcards	SELECT "a0"."Id" AS "Id", "a0"."Name" AS "Name" FROM "customers" "a0" WHERE "a0"."Name" LIKE :p0	:p0=string "%o_n%"
CLikeExact	SELECT "a0"."Id" AS "Id", "a0"."Name" AS "Name" FROM "customers" "a0" WHERE "a0"."Name" LIKE :p0	:p0=string "John"
CAbsColumn	SELECT "a0"."Id" AS "Id", ABS("a0"."Age") AS "AbsAge" FROM "customers" "a0"	
CAbsInWhere	SELECT "a0"."Id" AS "Id", "a0"."Name" AS "Name", "a0"."Age" AS "Age" FROM "customers" "a0" WHERE (ABS("a0"."Age") > :p0)	:p0=int 30
CAbsExpression	SELECT "a0"."Id" AS "Id", ABS(("a0"."Age" - :p0)) AS "AbsDiff" FROM "customers" "a0"	:p0=int 50
CAbsParameter	SELECT "a0"."Id" AS "Id", "a0"."Name" AS "Name", "a0"."Age" AS "Age" FROM "customers" "a0" WHERE (ABS("a0"."Age") > ABS(:minAge))	:minAge=null
CFromWhereDecimalComparison	SELECT "a0"."Id" AS "Id", "a0"."ProductName" AS "ProductName", "a0"."Price" AS "Price", "a0"."CreatedDate" AS "CreatedDate", "a0"."UniqueId" AS "UniqueId" FROM "products" "a0" WHERE ("a0"."Price" > :p0)	:p0=decimal 100.50
CFromSelectDecimalArithmetic	SELECT "a0"."ProductName" AS "ProductName", ("a0"."Price" * :p0) AS "Marked", ("a0"."Price" + :p1) AS "Plus", ("a0"."Price" - :p2) AS "Minus" FROM "products" "a0"	:p0=decimal 1.1; :p1=decimal 10.0; :p2=decimal 5.0
CFromWhereDecimalIsNull	SELECT "a0"."Id" AS "Id", "a0"."ProductName" AS "ProductName", "a0"."Price" AS "Price", "a0"."CreatedDate" AS "CreatedDate", "a0"."UniqueId" AS "UniqueId" FROM "products" "a0" WHERE "a0"."Price" IS NULL	
CFromWhereDecimalIsNotNull	SELECT "a0"."Id" AS "Id", "a0"."ProductName" AS "ProductName", "a0"."Price" AS "Price", "a0"."CreatedDate" AS "CreatedDate", "a0"."UniqueId" AS "UniqueId" FROM "products" "a0" WHERE "a0"."Price" IS NOT NULL	
CCaseDecimalExpression	SELECT "a0"."ProductName" AS "ProductName", CASE WHEN ("a0"."Price" > :p0) THEN :p1 ELSE CASE WHEN ("a0"."Price" > :p2) THEN :p3 ELSE :p4 END END AS "ExpensiveFlag" FROM "products" "a0"	:p0=decimal 1000.0; :p1=string "Expensive"; :p2=decimal 100.0; :p3=string "Moderate"; :p4=string "Cheap"
CParameterAsDecimalParam	SELECT "a0"."Id" AS "Id", "a0"."ProductName" AS "ProductName", "a0"."Price" AS "Price", "a0"."CreatedDate" AS "CreatedDate", "a0"."UniqueId" AS "UniqueId" FROM "products" "a0" WHERE ("a0"."Price" > :minPrice)	:minPrice=null
CFromWhereCreatedDateComparison	SELECT "a0"."Id" AS "Id", "a0"."ProductName" AS "ProductName", "a0"."Price" AS "Price", "a0"."CreatedDate" AS "CreatedDate", "a0"."UniqueId" AS "UniqueId" FROM "products" "a0" WHERE ("a0"."CreatedDate" > :p0)	:p0=dateTime "2024-01-01 00:00:00"
CFromWhereCreatedDateIsNull	SELECT "a0"."Id" AS "Id", "a0"."ProductName" AS "ProductName", "a0"."Price" AS "Price", "a0"."CreatedDate" AS "CreatedDate", "a0"."UniqueId" AS "UniqueId" FROM "products" "a0" WHERE "a0"."CreatedDate" IS NULL	
CFromWhereCreatedDateIsNotNull	SELECT "a0"."Id" AS "Id", "a0"."ProductName" AS "ProductName", "a0"."Price" AS "Price", "a0"."CreatedDate" AS "CreatedDate", "a0"."UniqueId" AS "UniqueId" FROM "products" "a0" WHERE "a0"."CreatedDate" IS NOT NULL	
CFromSelectCreatedDateMinMax	SELECT "a0"."ProductName" AS "ProductName", "a0"."CreatedDate" AS "EarliestDate", "a0"."CreatedDate" AS "LatestDate" FROM "products" "a0"	
CCaseDateTimeExpression	SELECT "a0"."ProductName" AS "ProductName", CASE WHEN ("a0"."CreatedDate" < :p0) THEN :p1 ELSE CASE WHEN ("a0"."CreatedDate" < :p2) THEN :p3 ELSE :p4 END END AS "Age" FROM "products" "a0"	:p0=dateTime "2020-01-01 00:00:00"; :p1=string "Old"; :p2=dateTime "2024-01-01 00:00:00"; :p3=string "Recent"; :p4=string "New"
CParameterAsDateTimeParam	SELECT "a0"."Id" AS "Id", "a0"."ProductName" AS "ProductName", "a0"."Price" AS "Price", "a0"."CreatedDate" AS "CreatedDate", "a0"."UniqueId" AS "UniqueId" FROM "products" "a0" WHERE ("a0"."CreatedDate" > :startDate)	:startDate=null
CFromWhereUniqueIdEquals	SELECT "a0"."Id" AS "Id", "a0"."ProductName" AS "ProductName", "a0"."Price" AS "Price", "a0"."CreatedDate" AS "CreatedDate", "a0"."UniqueId" AS "UniqueId" FROM "products" "a0" WHERE ("a0"."UniqueId" = :p0)	:p0=guid "12345678-1234-1234-1234-123456789012"
CFromWhereUniqueIdNotEquals	SELECT "a0"."Id" AS "Id", "a0"."ProductName" AS "ProductName", "a0"."Price" AS "Price", "a0"."CreatedDate" AS "CreatedDate", "a0"."UniqueId" AS "UniqueId" FROM "products" "a0" WHERE ("a0"."UniqueId" <> :p0)	:p0=guid "00000000-0000-0000-0000-000000000000"
CFromWhereUniqueIdIsNull	SELECT "a0"."Id" AS "Id", "a0"."ProductName" AS "ProductName", "a0"."Price" AS "Price", "a0"."CreatedDate" AS "CreatedDate", "a0"."UniqueId" AS "UniqueId" FROM "products" "a0" WHERE "a0"."UniqueId" IS NULL	
CFromWhereUniqueIdIsNotNull	SELECT "a0"."Id" AS "Id", "a0"."ProductName" AS "ProductName", "a0"."Price" AS "Price", "a0"."CreatedDate" AS "CreatedDate", "a0"."UniqueId" AS "UniqueId" FROM "products" "a0" WHERE "a0"."UniqueId" IS NOT NULL	
CCaseGuidExpression	SELECT "a0"."ProductName" AS "ProductName", CASE WHEN ("a0"."UniqueId" = :p0) THEN :p1 ELSE :p2 END AS "Status" FROM "products" "a0"	:p0=guid "00000000-0000-0000-0000-000000000000"; :p1=string "Empty"; :p2=string "HasId"
CParameterAsGuidParam	SELECT "a0"."Id" AS "Id", "a0"."ProductName" AS "ProductName", "a0"."Price" AS "Price", "a0"."CreatedDate" AS "CreatedDate", "a0"."UniqueId" AS "UniqueId" FROM "products" "a0" WHERE ("a0"."UniqueId" = :targetId)	:targetId=null
CStringSubstring	SELECT SUBSTRING("a0"."ProductName", :p0, :p1) AS "Sub" FROM "products" "a0"	:p0=int 1; :p1=int 5
CStringUpper	SELECT UPPER("a0"."ProductName") AS "Upper" FROM "products" "a0"	
CStringLower	SELECT LOWER("a0"."ProductName") AS "Lower" FROM "products" "a0"	
CStringTrim	SELECT TRIM("a0"."ProductName") AS "Trimmed" FROM "products" "a0"	
CStringLength	SELECT LENGTH("a0"."ProductName") AS "Len" FROM "products" "a0"	
CStringFunctionsInWhere	SELECT "a0"."Id" AS "Id", "a0"."Name" AS "Name" FROM "customers" "a0" WHERE ((UPPER("a0"."Name") = :p0) AND (LENGTH("a0"."Name") > :p1))	:p0=string "JOHN"; :p1=int 3
CStringFunctionsInSelect	SELECT "a0"."Id" AS "Id", UPPER("a0"."Name") AS "UpperName", LOWER("a0"."Name") AS "LowerName", TRIM("a0"."Name") AS "TrimmedName", LENGTH("a0"."Name") AS "NameLength", SUBSTRING("a0"."Name", :p0, :p1) AS "FirstThree" FROM "customers" "a0"	:p0=int 1; :p1=int 3
CDateTimeNow	SELECT NOW() AS "Now" FROM "products" "a0"	
CDateTimeYear	SELECT EXTRACT(YEAR FROM "a0"."CreatedDate") AS "Year" FROM "products" "a0"	
CDateTimeMonth	SELECT EXTRACT(MONTH FROM "a0"."CreatedDate") AS "Month" FROM "products" "a0"	
CDateTimeDay	SELECT EXTRACT(DAY FROM "a0"."CreatedDate") AS "Day" FROM "products" "a0"	
CDateTimeAddDays	SELECT ("a0"."CreatedDate" + INTERVAL '30 day') AS "Plus30" FROM "products" "a0"	
CDateTimeAddMonths	SELECT ("a0"."CreatedDate" + INTERVAL '6 month') AS "Plus6M" FROM "products" "a0"	
CDateTimeAddYears	SELECT ("a0"."CreatedDate" + INTERVAL '1 year') AS "Plus1Y" FROM "products" "a0"	
CDateTimeDiffDays	SELECT EXTRACT(DAY FROM (:p0 - "a0"."CreatedDate")) AS "Diff" FROM "products" "a0"	:p0=dateTime "2025-01-01 00:00:00"
CDateTimeDiffMonths	SELECT (EXTRACT(YEAR FROM :p0) - EXTRACT(YEAR FROM "a0"."CreatedDate")) * 12 + (EXTRACT(MONTH FROM :p0) - EXTRACT(MONTH FROM "a0"."CreatedDate")) AS "Diff" FROM "products" "a0"	:p0=dateTime "2025-01-01 00:00:00"
CDateTimeDiffYears	SELECT (EXTRACT(YEAR FROM :p0) - EXTRACT(YEAR FROM "a0"."CreatedDate")) AS "Diff" FROM "products" "a0"	:p0=dateTime "2025-01-01 00:00:00"
CDateTimeFunctionsInWhere	SELECT "a0"."Id" AS "Id", "a0"."CreatedDate" AS "CreatedDate" FROM "products" "a0" WHERE ((EXTRACT(YEAR FROM "a0"."CreatedDate") = :p0) AND (EXTRACT(MONTH FROM "a0"."CreatedDate") > :p1))	:p0=int 2024; :p1=int 6
CDateTimeFunctionsInSelect	SELECT "a0"."Id" AS "Id", EXTRACT(YEAR FROM "a0"."CreatedDate") AS "CreatedYear", EXTRACT(MONTH FROM "a0"."CreatedDate") AS "CreatedMonth", EXTRACT(DAY FROM "a0"."CreatedDate") AS "CreatedDay", ("a0"."CreatedDate" + INTERVAL '7 day') AS "NextWeek", ("a0"."CreatedDate" + INTERVAL '1 month') AS "NextMonth", EXTRACT(DAY FROM (NOW() - "a0"."CreatedDate")) AS "DaysAgo" FROM "products" "a0"	
CDecimalRound	SELECT ROUND("a0"."Price", :p0) AS "Rounded" FROM "products" "a0"	:p0=int 2
CDecimalCeiling	SELECT CEILING("a0"."Price") AS "Ceil" FROM "products" "a0"	
CDecimalFloor	SELECT FLOOR("a0"."Price") AS "Floor" FROM "products" "a0"	
CMathFunctionsInWhere	SELECT "a0"."Id" AS "Id", "a0"."Price" AS "Price" FROM "products" "a0" WHERE ((ROUND("a0"."Price", :p0) > :p1) AND (CEILING("a0"."Price") < :p2))	:p0=int 0; :p1=decimal 100.0; :p2=decimal 1000.0
CMathFunctionsInSelect	SELECT "a0"."Id" AS "Id", "a0"."Price" AS "OriginalPrice", ROUND("a0"."Price", :p0) AS "RoundedPrice", CEILING("a0"."Price") AS "CeilingPrice", FLOOR("a0"."Price") AS "FloorPrice" FROM "products" "a0"	:p0=int 2
CFromLimitOffset	SELECT "a0"."Id" AS "Id", "a0"."Age" AS "Age", "a0"."Name" AS "Name", "a0"."IsActive" AS "IsActive" FROM "customers" "a0" ORDER BY "a0"."Id" ASC NULLS FIRST LIMIT 5 OFFSET 10	
CFromSelectLimitOffset	SELECT "a0"."Id" AS "Id", "a0"."Name" AS "Name" FROM "customers" "a0" ORDER BY "a0"."Id" ASC NULLS FIRST LIMIT 3 OFFSET 5	
CFromWhereLimitOffset	SELECT "a0"."Id" AS "Id", "a0"."Age" AS "Age", "a0"."Name" AS "Name", "a0"."IsActive" AS "IsActive" FROM "customers" "a0" WHERE ("a0"."Age" > :p0) ORDER BY "a0"."Id" ASC NULLS FIRST LIMIT 10	:p0=int 18
CFromWhereSelectLimitOffset	SELECT "a0"."Id" AS "Id", "a0"."Name" AS "Name", "a0"."Age" AS "Age" FROM "customers" "a0" WHERE ("a0"."Age" >= :p0) ORDER BY "a0"."Id" ASC NULLS FIRST LIMIT 5 OFFSET 15	:p0=int 21
CFromOrderByLimitOffset	SELECT "a0"."Id" AS "Id", "a0"."Age" AS "Age", "a0"."Name" AS "Name", "a0"."IsActive" AS "IsActive" FROM "customers" "a0" ORDER BY "a0"."Name" ASC NULLS FIRST LIMIT 10 OFFSET 5	
CFromWhereOrderByLimitOffset	SELECT "a0"."Id" AS "Id", "a0"."Age" AS "Age", "a0"."Name" AS "Name", "a0"."IsActive" AS "IsActive" FROM "customers" "a0" WHERE ("a0"."Age" > :p0) ORDER BY "a0"."Age" DESC NULLS LAST LIMIT 20 OFFSET 10	:p0=int 18
CFromWhereOrderBySelectLimitOffset	SELECT "a0"."Id" AS "Id", "a0"."Name" AS "Name", "a0"."Age" AS "Age" FROM "customers" "a0" WHERE ("a0"."Name" <> :p0) ORDER BY "a0"."Name" ASC NULLS FIRST, "a0"."Age" DESC NULLS LAST LIMIT 5	:p0=string ""
CFromLimitOffsetOnly	SELECT "a0"."Id" AS "Id", "a0"."Age" AS "Age", "a0"."Name" AS "Name", "a0"."IsActive" AS "IsActive" FROM "customers" "a0" ORDER BY "a0"."Id" ASC NULLS FIRST LIMIT 10	
CFromOffsetOnly	SELECT "a0"."Id" AS "Id", "a0"."Age" AS "Age", "a0"."Name" AS "Name", "a0"."IsActive" AS "IsActive" FROM "customers" "a0" ORDER BY "a0"."Id" ASC NULLS FIRST OFFSET 5	
CFromLimitOffsetWithoutOrderBy	SELECT "a0"."Id" AS "Id", "a0"."Age" AS "Age", "a0"."Name" AS "Name", "a0"."IsActive" AS "IsActive" FROM "customers" "a0" LIMIT 10	
CFromSelectDistinct	SELECT DISTINCT "a0"."Name" AS "Name" FROM "customers" "a0"	
CFromSelectDistinctWhere	SELECT DISTINCT "a0"."Name" AS "Name" FROM "customers" "a0" WHERE ("a0"."Age" > :p0)	:p0=int 18
CFromSelectDistinctOrderBy	SELECT DISTINCT "a0"."Name" AS "Name" FROM "customers" "a0" ORDER BY "a0"."Name" ASC NULLS FIRST	
CFromSelectDistinctMultipleColumns	SELECT DISTINCT "a0"."Name" AS "Name", "a0"."Age" AS "Age" FROM "customers" "a0" ORDER BY "a0"."Name" ASC NULLS FIRST	
CFromOrderByLimitDistinct	SELECT DISTINCT "a0"."Name" AS "Name" FROM "customers" "a0" ORDER BY "a0"."Name" ASC NULLS FIRST LIMIT 2	
CUnion	SELECT "a0"."Id" AS "Id", "a0"."Name" AS "Name" FROM "customers" "a0" WHERE ("a0"."Age" > :p0) UNION SELECT "a1"."Id" AS "Id", "a1"."Name" AS "Name" FROM "customers" "a1" WHERE ("a1"."Name" = :p1)	:p0=int 30; :p1=string "Alice"
CIntersect	SELECT "a0"."Id" AS "Id", "a0"."Name" AS "Name" FROM "customers" "a0" WHERE ("a0"."Age" > :p0) INTERSECT SELECT "a1"."Id" AS "Id", "a1"."Name" AS "Name" FROM "customers" "a1" WHERE ("a1"."Name" = :p1)	:p0=int 25; :p1=string "John"
CExcept	SELECT "a0"."Id" AS "Id", "a0"."Name" AS "Name" FROM "customers" "a0" EXCEPT SELECT "a1"."Id" AS "Id", "a1"."Name" AS "Name" FROM "customers" "a1" WHERE ("a1"."Age" < :p0)	:p0=int 18
InsertBasic	INSERT INTO "customers" ("Id", "Age", "Name") VALUES (:p0, :p1, :p2)	:p0=long 200; :p1=int 25; :p2=string "John Doe"
UpdateBasic	UPDATE "customers" SET "Age" = :p0 WHERE ("Id" = :p1)	:p0=int 26; :p1=long 200
UpdateMultiple	UPDATE "customers" SET "Age" = :p0, "Name" = :p1 WHERE ("Id" = :p2)	:p0=int 27; :p1=string "John Smith"; :p2=long 200
UpdateConditional	UPDATE "customers" SET "Age" = ("Age" + :p0) WHERE (("Age" >= :p1) AND ("Name" <> :p2))	:p0=int 1; :p1=int 18; :p2=string "Admin"
DeleteBasic	DELETE FROM "customers" WHERE ("Id" = :p0)	:p0=long 200
DeleteConditional	DELETE FROM "customers" WHERE (("Age" < :p0) OR ("Name" = :p1))	:p0=int 18; :p1=string "Temp"
DeleteAll	DELETE FROM "customers"	
UpdateSetNull	UPDATE "customers" SET "Name" = NULL	
UpdateSetNullInt	UPDATE "customers" SET "Age" = NULL	
UpdateSetNullMixed	UPDATE "customers" SET "Name" = :p0, "Age" = NULL	:p0=string "John"
UpdateSetNullWhere	UPDATE "customers" SET "Name" = NULL WHERE ("Id" = :p0)	:p0=long 200
InsertWithNull	INSERT INTO "customers" ("Id", "Name", "Age") VALUES (:p0, NULL, :p1)	:p0=long 202; :p1=int 25
InsertWithNullInt	INSERT INTO "customers" ("Id", "Name", "Age") VALUES (:p0, :p1, NULL)	:p0=long 203; :p1=string "John"
InsertWithNewColumns	INSERT INTO "products" ("Id", "ProductName", "Price", "CreatedDate", "UniqueId") VALUES (:p0, :p1, :p2, :p3, :p4)	:p0=long 200; :p1=string "Test Product"; :p2=decimal 99.99; :p3=dateTime "2024-08-18 00:00:00"; :p4=guid "12345678-1234-1234-1234-123456789012"
UpdateWithNewColumns	UPDATE "products" SET "Price" = :p0, "CreatedDate" = :p1, "UniqueId" = :p2 WHERE ("Id" = :p3)	:p0=decimal 119.99; :p1=dateTime "2024-12-25 00:00:00"; :p2=guid "87654321-4321-4321-4321-210987654321"; :p3=long 100
InsertWithNewColumnsNull	INSERT INTO "products" ("Id", "ProductName", "Price", "CreatedDate", "UniqueId") VALUES (:p0, :p1, NULL, NULL, NULL)	:p0=long 201; :p1=string "Null Test"
UpdateSetNewColumnsNull	UPDATE "products" SET "Price" = NULL, "CreatedDate" = NULL, "UniqueId" = NULL WHERE ("Id" = :p0)	:p0=long 101
